#
# There is insufficient memory for the Java Runtime Environment to continue.
# Native memory allocation (malloc) failed to allocate 1709152 bytes. Error detail: Chunk::new
# Possible reasons:
#   The system is out of physical RAM or swap space
#   This process is running with CompressedOops enabled, and the Java Heap may be blocking the growth of the native heap
# Possible solutions:
#   Reduce memory load on the system
#   Increase physical memory or swap space
#   Check if swap backing store is full
#   Decrease Java heap size (-Xmx/-Xms)
#   Decrease number of Java threads
#   Decrease Java thread stack sizes (-Xss)
#   Set larger code cache with -XX:ReservedCodeCacheSize=
#   JVM is running with Zero Based Compressed Oops mode in which the Java heap is
#     placed in the first 32GB address space. The Java Heap base address is the
#     maximum limit for the native heap growth. Please use -XX:HeapBaseMinAddress
#     to set the Java Heap base and to place the Java Heap above 32GB virtual address.
# This output file may be truncated or incomplete.
#
#  Out of Memory Error (arena.cpp:168), pid=11284, tid=12756
#
# JRE version: OpenJDK Runtime Environment (21.0.8) (build 21.0.8+-14018985-b1038.68)
# Java VM: OpenJDK 64-Bit Server VM (21.0.8+-14018985-b1038.68, mixed mode, tiered, compressed oops, compressed class ptrs, g1 gc, windows-amd64)
# No core dump will be written. Minidumps are not enabled by default on client versions of Windows
#

---------------  S U M M A R Y ------------

Command Line: --add-opens=java.base/java.lang=ALL-UNNAMED --add-opens=java.base/java.lang.invoke=ALL-UNNAMED --add-opens=java.base/java.util=ALL-UNNAMED --add-opens=java.prefs/java.util.prefs=ALL-UNNAMED --add-exports=jdk.compiler/com.sun.tools.javac.api=ALL-UNNAMED --add-exports=jdk.compiler/com.sun.tools.javac.util=ALL-UNNAMED --add-opens=java.base/java.util=ALL-UNNAMED --add-opens=java.prefs/java.util.prefs=ALL-UNNAMED --add-opens=java.base/java.nio.charset=ALL-UNNAMED --add-opens=java.base/java.net=ALL-UNNAMED --add-opens=java.base/java.util.concurrent=ALL-UNNAMED --add-opens=java.base/java.util.concurrent.atomic=ALL-UNNAMED --add-opens=java.xml/javax.xml.namespace=ALL-UNNAMED -XX:MaxMetaspaceSize=512m -Xmx4096m -Dfile.encoding=UTF-8 -Duser.country=ID -Duser.language=en -Duser.variant -javaagent:C:\Users\USER\.gradle\wrapper\dists\gradle-9.0.0-bin\d6wjpkvcgsg3oed0qlfss3wgl\gradle-9.0.0\lib\agents\gradle-instrumentation-agent-9.0.0.jar org.gradle.launcher.daemon.bootstrap.GradleDaemon 9.0.0

Host: Intel(R) Celeron(R) N4120 CPU @ 1.10GHz, 4 cores, 3G,  Windows 11 , 64 bit Build 26100 (10.0.26100.7019)
Time: Tue Dec  2 14:54:23 2025 SE Asia Standard Time elapsed time: 129.405917 seconds (0d 0h 2m 9s)

---------------  T H R E A D  ---------------

Current thread (0x00000168b02e7ff0):  JavaThread "C2 CompilerThread1" daemon [_thread_in_native, id=12756, stack(0x0000004539000000,0x0000004539100000) (1024K)]


Current CompileTask:
C2:129406 8547 %     4       groovyjarjarantlr4.v4.runtime.atn.ParserATNSimulator::computeTargetState @ 73 (583 bytes)

Stack: [0x0000004539000000,0x0000004539100000]
Native frames: (J=compiled Java code, j=interpreted, Vv=VM code, C=native code)
V  [jvm.dll+0x6d68d9]
V  [jvm.dll+0x866693]
V  [jvm.dll+0x868c4e]
V  [jvm.dll+0x869333]
V  [jvm.dll+0x280566]
V  [jvm.dll+0xc07cd]
V  [jvm.dll+0xc0d03]
V  [jvm.dll+0x3b961b]
V  [jvm.dll+0x385507]
V  [jvm.dll+0x38497a]
V  [jvm.dll+0x249252]
V  [jvm.dll+0x248821]
V  [jvm.dll+0x1c73a4]
V  [jvm.dll+0x257f9e]
V  [jvm.dll+0x2564e6]
V  [jvm.dll+0x3f4696]
V  [jvm.dll+0x80eac8]
V  [jvm.dll+0x6d512d]
C  [ucrtbase.dll+0x37b0]
C  [KERNEL32.DLL+0x2e8d7]
C  [ntdll.dll+0x8c53c]


---------------  P R O C E S S  ---------------

Threads class SMR info:
_java_thread_list=0x00000168b0385e80, length=41, elements={
0x000001688f82b5e0, 0x00000168ad0102e0, 0x00000168a8ebdba0, 0x00000168ad01ed60,
0x00000168ad03e4d0, 0x00000168ad03f150, 0x00000168ad03fbd0, 0x00000168ad040240,
0x00000168ad040be0, 0x00000168ad051e20, 0x00000168ad3fdfe0, 0x00000168aebc8f10,
0x00000168ae015a10, 0x00000168ae315090, 0x00000168ad6c2230, 0x00000168ad6c2c70,
0x00000168ae2f0780, 0x00000168aedf1cd0, 0x00000168aedf2360, 0x00000168aedef570,
0x00000168aedefc00, 0x00000168aedf29f0, 0x00000168aedf0fb0, 0x00000168aedf0290,
0x00000168af4c9e10, 0x00000168af4ca4a0, 0x00000168af4cab30, 0x00000168af4cb1c0,
0x00000168af4cb850, 0x00000168af4cbee0, 0x00000168af4cc570, 0x00000168af4c90f0,
0x00000168af4cdfb0, 0x00000168af4ce640, 0x00000168af4cf9f0, 0x00000168af4cecd0,
0x00000168af4ccc00, 0x00000168af4cf360, 0x00000168af4d0710, 0x00000168af4cd290,
0x00000168b02e7ff0
}

Java Threads: ( => current thread )
  0x000001688f82b5e0 JavaThread "main"                              [_thread_blocked, id=13112, stack(0x0000004539100000,0x0000004539200000) (1024K)]
  0x00000168ad0102e0 JavaThread "Common-Cleaner"             daemon [_thread_blocked, id=17292, stack(0x0000004539900000,0x0000004539a00000) (1024K)]
  0x00000168a8ebdba0 JavaThread "Reference Handler"          daemon [_thread_blocked, id=13308, stack(0x0000004539a00000,0x0000004539b00000) (1024K)]
  0x00000168ad01ed60 JavaThread "Finalizer"                  daemon [_thread_blocked, id=15000, stack(0x0000004539b00000,0x0000004539c00000) (1024K)]
  0x00000168ad03e4d0 JavaThread "Signal Dispatcher"          daemon [_thread_blocked, id=15124, stack(0x0000004539c00000,0x0000004539d00000) (1024K)]
  0x00000168ad03f150 JavaThread "Attach Listener"            daemon [_thread_blocked, id=1148, stack(0x0000004539d00000,0x0000004539e00000) (1024K)]
  0x00000168ad03fbd0 JavaThread "Service Thread"             daemon [_thread_blocked, id=14692, stack(0x0000004539e00000,0x0000004539f00000) (1024K)]
  0x00000168ad040240 JavaThread "Monitor Deflation Thread"   daemon [_thread_blocked, id=4012, stack(0x0000004539f00000,0x000000453a000000) (1024K)]
  0x00000168ad040be0 JavaThread "C2 CompilerThread0"         daemon [_thread_in_native, id=2260, stack(0x000000453a000000,0x000000453a100000) (1024K)]
  0x00000168ad051e20 JavaThread "C1 CompilerThread0"         daemon [_thread_blocked, id=17976, stack(0x000000453a100000,0x000000453a200000) (1024K)]
  0x00000168ad3fdfe0 JavaThread "Notification Thread"        daemon [_thread_blocked, id=16216, stack(0x000000453a200000,0x000000453a300000) (1024K)]
  0x00000168aebc8f10 JavaThread "Daemon health stats"               [_thread_blocked, id=8880, stack(0x000000453a600000,0x000000453a700000) (1024K)]
  0x00000168ae015a10 JavaThread "Incoming local TCP Connector on port 59531"        [_thread_in_native, id=12468, stack(0x000000453a700000,0x000000453a800000) (1024K)]
  0x00000168ae315090 JavaThread "Daemon periodic checks"            [_thread_blocked, id=14964, stack(0x000000453a800000,0x000000453a900000) (1024K)]
  0x00000168ad6c2230 JavaThread "Daemon"                            [_thread_blocked, id=12940, stack(0x000000453a900000,0x000000453aa00000) (1024K)]
  0x00000168ad6c2c70 JavaThread "Handler for socket connection from /127.0.0.1:59531 to /127.0.0.1:59532"        [_thread_in_native, id=15620, stack(0x000000453aa00000,0x000000453ab00000) (1024K)]
  0x00000168ae2f0780 JavaThread "Cancel handler"                    [_thread_blocked, id=18448, stack(0x000000453ab00000,0x000000453ac00000) (1024K)]
  0x00000168aedf1cd0 JavaThread "Daemon worker"                     [_thread_in_vm, id=10436, stack(0x000000453ac00000,0x000000453ad00000) (1024K)]
  0x00000168aedf2360 JavaThread "Asynchronous log dispatcher for DefaultDaemonConnection: socket connection from /127.0.0.1:59531 to /127.0.0.1:59532"        [_thread_blocked, id=19220, stack(0x000000453ad00000,0x000000453ae00000) (1024K)]
  0x00000168aedef570 JavaThread "Stdin handler"                     [_thread_blocked, id=18668, stack(0x000000453ae00000,0x000000453af00000) (1024K)]
  0x00000168aedefc00 JavaThread "Daemon client event forwarder"        [_thread_blocked, id=10444, stack(0x000000453af00000,0x000000453b000000) (1024K)]
  0x00000168aedf29f0 JavaThread "Cache worker for journal cache (C:\Users\USER\.gradle\caches\journal-1)"        [_thread_blocked, id=12260, stack(0x000000453b000000,0x000000453b100000) (1024K)]
  0x00000168aedf0fb0 JavaThread "File lock request listener"        [_thread_in_native, id=17184, stack(0x000000453b100000,0x000000453b200000) (1024K)]
  0x00000168aedf0290 JavaThread "Cache worker for file hash cache (C:\Users\USER\.gradle\caches\9.0.0\fileHashes)"        [_thread_blocked, id=16796, stack(0x000000453b200000,0x000000453b300000) (1024K)]
  0x00000168af4c9e10 JavaThread "Cache worker for file hash cache (C:\Android_HL\amgtech\amgtech\android\.gradle\9.0.0\fileHashes)"        [_thread_blocked, id=17316, stack(0x000000453b300000,0x000000453b400000) (1024K)]
  0x00000168af4ca4a0 JavaThread "Cache worker for Build Output Cleanup Cache (C:\Android_HL\amgtech\amgtech\android\.gradle\buildOutputCleanup)"        [_thread_blocked, id=15064, stack(0x000000453b400000,0x000000453b500000) (1024K)]
  0x00000168af4cab30 JavaThread "File watcher server"        daemon [_thread_in_native, id=10536, stack(0x000000453b500000,0x000000453b600000) (1024K)]
  0x00000168af4cb1c0 JavaThread "File watcher consumer"      daemon [_thread_blocked, id=16896, stack(0x000000453b600000,0x000000453b700000) (1024K)]
  0x00000168af4cb850 JavaThread "jar transforms"                    [_thread_blocked, id=13900, stack(0x000000453b700000,0x000000453b800000) (1024K)]
  0x00000168af4cbee0 JavaThread "jar transforms Thread 2"           [_thread_blocked, id=15936, stack(0x000000453b800000,0x000000453b900000) (1024K)]
  0x00000168af4cc570 JavaThread "jar transforms Thread 3"           [_thread_blocked, id=18776, stack(0x000000453b900000,0x000000453ba00000) (1024K)]
  0x00000168af4c90f0 JavaThread "jar transforms Thread 4"           [_thread_blocked, id=12188, stack(0x000000453ba00000,0x000000453bb00000) (1024K)]
  0x00000168af4cdfb0 JavaThread "Cache worker for checksums cache (C:\Android_HL\amgtech\amgtech\android\.gradle\9.0.0\checksums)"        [_thread_blocked, id=19348, stack(0x0000004538f00000,0x0000004539000000) (1024K)]
  0x00000168af4ce640 JavaThread "Cache worker for file content cache (C:\Users\USER\.gradle\caches\9.0.0\fileContent)"        [_thread_blocked, id=3308, stack(0x000000453bb00000,0x000000453bc00000) (1024K)]
  0x00000168af4cf9f0 JavaThread "Cache worker for cache directory md-supplier (C:\Users\USER\.gradle\caches\9.0.0\md-supplier)"        [_thread_blocked, id=5424, stack(0x000000453bc00000,0x000000453bd00000) (1024K)]
  0x00000168af4cecd0 JavaThread "Cache worker for cache directory md-rule (C:\Users\USER\.gradle\caches\9.0.0\md-rule)"        [_thread_blocked, id=16000, stack(0x000000453bd00000,0x000000453be00000) (1024K)]
  0x00000168af4ccc00 JavaThread "Unconstrained build operations"        [_thread_blocked, id=7372, stack(0x000000453bf00000,0x000000453c000000) (1024K)]
  0x00000168af4cf360 JavaThread "Unconstrained build operations Thread 2"        [_thread_blocked, id=1548, stack(0x000000453c000000,0x000000453c100000) (1024K)]
  0x00000168af4d0710 JavaThread "Unconstrained build operations Thread 3"        [_thread_blocked, id=6392, stack(0x000000453be00000,0x000000453bf00000) (1024K)]
  0x00000168af4cd290 JavaThread "Unconstrained build operations Thread 4"        [_thread_blocked, id=17484, stack(0x000000453c100000,0x000000453c200000) (1024K)]
=>0x00000168b02e7ff0 JavaThread "C2 CompilerThread1"         daemon [_thread_in_native, id=12756, stack(0x0000004539000000,0x0000004539100000) (1024K)]
Total: 41

Other Threads:
  0x00000168a8e4a460 VMThread "VM Thread"                           [id=2344, stack(0x0000004539800000,0x0000004539900000) (1024K)]
  0x00000168a8de5740 WatcherThread "VM Periodic Task Thread"        [id=2372, stack(0x0000004539700000,0x0000004539800000) (1024K)]
  0x000001688f893e20 WorkerThread "GC Thread#0"                     [id=15432, stack(0x0000004539200000,0x0000004539300000) (1024K)]
  0x00000168ad541df0 WorkerThread "GC Thread#1"                     [id=2512, stack(0x000000453a300000,0x000000453a400000) (1024K)]
  0x00000168ad455950 WorkerThread "GC Thread#2"                     [id=10468, stack(0x000000453a400000,0x000000453a500000) (1024K)]
  0x00000168adda35a0 WorkerThread "GC Thread#3"                     [id=11460, stack(0x000000453a500000,0x000000453a600000) (1024K)]
  0x000001688f8a4d10 ConcurrentGCThread "G1 Main Marker"            [id=6708, stack(0x0000004539300000,0x0000004539400000) (1024K)]
  0x000001688f8a5f30 WorkerThread "G1 Conc#0"                       [id=16968, stack(0x0000004539400000,0x0000004539500000) (1024K)]
  0x000001688f8e8d40 ConcurrentGCThread "G1 Refine#0"               [id=452, stack(0x0000004539500000,0x0000004539600000) (1024K)]
  0x000001688f8eb610 ConcurrentGCThread "G1 Service"                [id=6044, stack(0x0000004539600000,0x0000004539700000) (1024K)]
Total: 10

Threads with active compile tasks:
C2 CompilerThread0  129555 8601 %     4       groovyjarjarantlr4.v4.runtime.atn.ParserATNSimulator::isConflicted @ 106 (801 bytes)
C2 CompilerThread1  129555 8547 %     4       groovyjarjarantlr4.v4.runtime.atn.ParserATNSimulator::computeTargetState @ 73 (583 bytes)
Total: 2

VM state: not at safepoint (normal execution)

VM Mutex/Monitor currently owned by a thread: None

Heap address: 0x0000000700000000, size: 4096 MB, Compressed Oops mode: Zero based, Oop shift amount: 3

CDS archive(s) not mapped
Compressed class space mapped at: 0x0000000800000000-0x000000081a000000, reserved size: 436207616
Narrow klass base: 0x0000000800000000, Narrow klass shift: 0, Narrow klass range: 0x1a000000

GC Precious Log:
 CardTable entry size: 512
 Card Set container configuration: InlinePtr #cards 4 size 8 Array Of Cards #cards 16 size 48 Howl #buckets 8 coarsen threshold 3686 Howl Bitmap #cards 512 size 80 coarsen threshold 460 Card regions per heap region 1 cards per card region 4096
 CPUs: 4 total, 4 available
 Memory: 3909M
 Large Page Support: Disabled
 NUMA Support: Disabled
 Compressed Oops: Enabled (Zero based)
 Heap Region Size: 2M
 Heap Min Capacity: 8M
 Heap Initial Capacity: 62M
 Heap Max Capacity: 4G
 Pre-touch: Disabled
 Parallel Workers: 4
 Concurrent Workers: 1
 Concurrent Refinement Workers: 4
 Periodic GC: Disabled

Heap:
 garbage-first heap   total 196608K, used 175131K [0x0000000700000000, 0x0000000800000000)
  region size 2048K, 41 young (83968K), 1 survivors (2048K)
 Metaspace       used 66171K, committed 67712K, reserved 491520K
  class space    used 9292K, committed 10048K, reserved 425984K

Heap Regions: E=young(eden), S=young(survivor), O=old, HS=humongous(starts), HC=humongous(continues), CS=collection set, F=free, TAMS=top-at-mark-start, PB=parsable bottom
|   0|0x0000000700000000, 0x0000000700200000, 0x0000000700200000|100%|HS|  |TAMS 0x0000000700000000| PB 0x0000000700000000| Complete 
|   1|0x0000000700200000, 0x0000000700400000, 0x0000000700400000|100%|HC|  |TAMS 0x0000000700200000| PB 0x0000000700200000| Complete 
|   2|0x0000000700400000, 0x0000000700600000, 0x0000000700600000|100%| O|  |TAMS 0x0000000700400000| PB 0x0000000700400000| Untracked 
|   3|0x0000000700600000, 0x0000000700800000, 0x0000000700800000|100%| O|  |TAMS 0x0000000700600000| PB 0x0000000700600000| Untracked 
|   4|0x0000000700800000, 0x0000000700a00000, 0x0000000700a00000|100%| O|  |TAMS 0x0000000700800000| PB 0x0000000700800000| Untracked 
|   5|0x0000000700a00000, 0x0000000700c00000, 0x0000000700c00000|100%| O|  |TAMS 0x0000000700a00000| PB 0x0000000700a00000| Untracked 
|   6|0x0000000700c00000, 0x0000000700e00000, 0x0000000700e00000|100%| O|  |TAMS 0x0000000700c00000| PB 0x0000000700c00000| Untracked 
|   7|0x0000000700e00000, 0x0000000701000000, 0x0000000701000000|100%| O|  |TAMS 0x0000000700e00000| PB 0x0000000700e00000| Untracked 
|   8|0x0000000701000000, 0x0000000701200000, 0x0000000701200000|100%| O|  |TAMS 0x0000000701000000| PB 0x0000000701000000| Untracked 
|   9|0x0000000701200000, 0x0000000701400000, 0x0000000701400000|100%| O|  |TAMS 0x0000000701200000| PB 0x0000000701200000| Untracked 
|  10|0x0000000701400000, 0x0000000701600000, 0x0000000701600000|100%| O|  |TAMS 0x0000000701400000| PB 0x0000000701400000| Untracked 
|  11|0x0000000701600000, 0x0000000701800000, 0x0000000701800000|100%| O|  |TAMS 0x0000000701600000| PB 0x0000000701600000| Untracked 
|  12|0x0000000701800000, 0x0000000701a00000, 0x0000000701a00000|100%|HS|  |TAMS 0x0000000701800000| PB 0x0000000701800000| Complete 
|  13|0x0000000701a00000, 0x0000000701c00000, 0x0000000701c00000|100%|HC|  |TAMS 0x0000000701a00000| PB 0x0000000701a00000| Complete 
|  14|0x0000000701c00000, 0x0000000701e00000, 0x0000000701e00000|100%|HC|  |TAMS 0x0000000701c00000| PB 0x0000000701c00000| Complete 
|  15|0x0000000701e00000, 0x0000000702000000, 0x0000000702000000|100%|HS|  |TAMS 0x0000000701e00000| PB 0x0000000701e00000| Complete 
|  16|0x0000000702000000, 0x0000000702200000, 0x0000000702200000|100%|HC|  |TAMS 0x0000000702000000| PB 0x0000000702000000| Complete 
|  17|0x0000000702200000, 0x0000000702400000, 0x0000000702400000|100%|HS|  |TAMS 0x0000000702200000| PB 0x0000000702200000| Complete 
|  18|0x0000000702400000, 0x0000000702600000, 0x0000000702600000|100%|HS|  |TAMS 0x0000000702400000| PB 0x0000000702400000| Complete 
|  19|0x0000000702600000, 0x0000000702800000, 0x0000000702800000|100%|HC|  |TAMS 0x0000000702600000| PB 0x0000000702600000| Complete 
|  20|0x0000000702800000, 0x0000000702a00000, 0x0000000702a00000|100%|HC|  |TAMS 0x0000000702800000| PB 0x0000000702800000| Complete 
|  21|0x0000000702a00000, 0x0000000702c00000, 0x0000000702c00000|100%|HS|  |TAMS 0x0000000702a00000| PB 0x0000000702a00000| Complete 
|  22|0x0000000702c00000, 0x0000000702e00000, 0x0000000702e00000|100%|HC|  |TAMS 0x0000000702c00000| PB 0x0000000702c00000| Complete 
|  23|0x0000000702e00000, 0x0000000703000000, 0x0000000703000000|100%|HS|  |TAMS 0x0000000702e00000| PB 0x0000000702e00000| Complete 
|  24|0x0000000703000000, 0x0000000703200000, 0x0000000703200000|100%| O|  |TAMS 0x0000000703000000| PB 0x0000000703000000| Untracked 
|  25|0x0000000703200000, 0x0000000703400000, 0x0000000703400000|100%| O|  |TAMS 0x0000000703200000| PB 0x0000000703200000| Untracked 
|  26|0x0000000703400000, 0x0000000703600000, 0x0000000703600000|100%| O|  |TAMS 0x0000000703400000| PB 0x0000000703400000| Untracked 
|  27|0x0000000703600000, 0x0000000703800000, 0x0000000703800000|100%| O|  |TAMS 0x0000000703600000| PB 0x0000000703600000| Untracked 
|  28|0x0000000703800000, 0x0000000703a00000, 0x0000000703a00000|100%| O|  |TAMS 0x0000000703800000| PB 0x0000000703800000| Untracked 
|  29|0x0000000703a00000, 0x0000000703c00000, 0x0000000703c00000|100%|HS|  |TAMS 0x0000000703a00000| PB 0x0000000703a00000| Complete 
|  30|0x0000000703c00000, 0x0000000703e00000, 0x0000000703e00000|100%| O|  |TAMS 0x0000000703c00000| PB 0x0000000703c00000| Untracked 
|  31|0x0000000703e00000, 0x0000000704000000, 0x0000000704000000|100%| O|  |TAMS 0x0000000703e00000| PB 0x0000000703e00000| Untracked 
|  32|0x0000000704000000, 0x0000000704200000, 0x0000000704200000|100%| O|  |TAMS 0x0000000704000000| PB 0x0000000704000000| Untracked 
|  33|0x0000000704200000, 0x0000000704400000, 0x0000000704400000|100%| O|  |TAMS 0x0000000704200000| PB 0x0000000704200000| Untracked 
|  34|0x0000000704400000, 0x0000000704400000, 0x0000000704600000|  0%| F|  |TAMS 0x0000000704400000| PB 0x0000000704400000| Untracked 
|  35|0x0000000704600000, 0x0000000704800000, 0x0000000704800000|100%| O|  |TAMS 0x0000000704600000| PB 0x0000000704600000| Untracked 
|  36|0x0000000704800000, 0x0000000704a00000, 0x0000000704a00000|100%| O|  |TAMS 0x0000000704800000| PB 0x0000000704800000| Untracked 
|  37|0x0000000704a00000, 0x0000000704c00000, 0x0000000704c00000|100%| O|Cm|TAMS 0x0000000704a00000| PB 0x0000000704a00000| Complete 
|  38|0x0000000704c00000, 0x0000000704e00000, 0x0000000704e00000|100%| O|  |TAMS 0x0000000704c00000| PB 0x0000000704c00000| Untracked 
|  39|0x0000000704e00000, 0x0000000705000000, 0x0000000705000000|100%| O|  |TAMS 0x0000000704e00000| PB 0x0000000704e00000| Untracked 
|  40|0x0000000705000000, 0x00000007051d8d30, 0x0000000705200000| 92%| O|  |TAMS 0x0000000705000000| PB 0x0000000705000000| Untracked 
|  41|0x0000000705200000, 0x0000000705400000, 0x0000000705400000|100%| O|  |TAMS 0x0000000705200000| PB 0x0000000705200000| Untracked 
|  42|0x0000000705400000, 0x0000000705400000, 0x0000000705600000|  0%| F|  |TAMS 0x0000000705400000| PB 0x0000000705400000| Untracked 
|  43|0x0000000705600000, 0x0000000705800000, 0x0000000705800000|100%| O|  |TAMS 0x0000000705600000| PB 0x0000000705600000| Untracked 
|  44|0x0000000705800000, 0x0000000705800000, 0x0000000705a00000|  0%| F|  |TAMS 0x0000000705800000| PB 0x0000000705800000| Untracked 
|  45|0x0000000705a00000, 0x0000000705a00000, 0x0000000705c00000|  0%| F|  |TAMS 0x0000000705a00000| PB 0x0000000705a00000| Untracked 
|  46|0x0000000705c00000, 0x0000000705e00000, 0x0000000705e00000|100%| O|  |TAMS 0x0000000705c00000| PB 0x0000000705c00000| Untracked 
|  47|0x0000000705e00000, 0x0000000705e00000, 0x0000000706000000|  0%| F|  |TAMS 0x0000000705e00000| PB 0x0000000705e00000| Untracked 
|  48|0x0000000706000000, 0x0000000706000000, 0x0000000706200000|  0%| F|  |TAMS 0x0000000706000000| PB 0x0000000706000000| Untracked 
|  49|0x0000000706200000, 0x0000000706200000, 0x0000000706400000|  0%| F|  |TAMS 0x0000000706200000| PB 0x0000000706200000| Untracked 
|  50|0x0000000706400000, 0x0000000706400000, 0x0000000706600000|  0%| F|  |TAMS 0x0000000706400000| PB 0x0000000706400000| Untracked 
|  51|0x0000000706600000, 0x0000000706600000, 0x0000000706800000|  0%| F|  |TAMS 0x0000000706600000| PB 0x0000000706600000| Untracked 
|  52|0x0000000706800000, 0x0000000706900000, 0x0000000706a00000| 50%| E|  |TAMS 0x0000000706800000| PB 0x0000000706800000| Complete 
|  53|0x0000000706a00000, 0x0000000706c00000, 0x0000000706c00000|100%| E|CS|TAMS 0x0000000706a00000| PB 0x0000000706a00000| Complete 
|  54|0x0000000706c00000, 0x0000000706e00000, 0x0000000706e00000|100%| E|CS|TAMS 0x0000000706c00000| PB 0x0000000706c00000| Complete 
|  55|0x0000000706e00000, 0x0000000707000000, 0x0000000707000000|100%| E|CS|TAMS 0x0000000706e00000| PB 0x0000000706e00000| Complete 
|  56|0x0000000707000000, 0x0000000707200000, 0x0000000707200000|100%| E|CS|TAMS 0x0000000707000000| PB 0x0000000707000000| Complete 
|  57|0x0000000707200000, 0x0000000707400000, 0x0000000707400000|100%| E|CS|TAMS 0x0000000707200000| PB 0x0000000707200000| Complete 
|  58|0x0000000707400000, 0x0000000707600000, 0x0000000707600000|100%| E|CS|TAMS 0x0000000707400000| PB 0x0000000707400000| Complete 
|  59|0x0000000707600000, 0x0000000707800000, 0x0000000707800000|100%| E|CS|TAMS 0x0000000707600000| PB 0x0000000707600000| Complete 
|  60|0x0000000707800000, 0x000000070792e150, 0x0000000707a00000| 59%| S|CS|TAMS 0x0000000707800000| PB 0x0000000707800000| Complete 
|  61|0x0000000707a00000, 0x0000000707c00000, 0x0000000707c00000|100%| E|CS|TAMS 0x0000000707a00000| PB 0x0000000707a00000| Complete 
|  62|0x0000000707c00000, 0x0000000707e00000, 0x0000000707e00000|100%| E|CS|TAMS 0x0000000707c00000| PB 0x0000000707c00000| Complete 
|  63|0x0000000707e00000, 0x0000000708000000, 0x0000000708000000|100%| E|CS|TAMS 0x0000000707e00000| PB 0x0000000707e00000| Complete 
|  64|0x0000000708000000, 0x0000000708200000, 0x0000000708200000|100%| E|CS|TAMS 0x0000000708000000| PB 0x0000000708000000| Complete 
|  65|0x0000000708200000, 0x0000000708400000, 0x0000000708400000|100%| E|CS|TAMS 0x0000000708200000| PB 0x0000000708200000| Complete 
|  66|0x0000000708400000, 0x0000000708600000, 0x0000000708600000|100%| E|CS|TAMS 0x0000000708400000| PB 0x0000000708400000| Complete 
|  67|0x0000000708600000, 0x0000000708800000, 0x0000000708800000|100%| E|CS|TAMS 0x0000000708600000| PB 0x0000000708600000| Complete 
|  68|0x0000000708800000, 0x0000000708a00000, 0x0000000708a00000|100%| E|CS|TAMS 0x0000000708800000| PB 0x0000000708800000| Complete 
|  69|0x0000000708a00000, 0x0000000708c00000, 0x0000000708c00000|100%| E|CS|TAMS 0x0000000708a00000| PB 0x0000000708a00000| Complete 
|  70|0x0000000708c00000, 0x0000000708e00000, 0x0000000708e00000|100%| E|CS|TAMS 0x0000000708c00000| PB 0x0000000708c00000| Complete 
|  71|0x0000000708e00000, 0x0000000709000000, 0x0000000709000000|100%| E|CS|TAMS 0x0000000708e00000| PB 0x0000000708e00000| Complete 
|  72|0x0000000709000000, 0x0000000709200000, 0x0000000709200000|100%| E|CS|TAMS 0x0000000709000000| PB 0x0000000709000000| Complete 
|  73|0x0000000709200000, 0x0000000709400000, 0x0000000709400000|100%| E|CS|TAMS 0x0000000709200000| PB 0x0000000709200000| Complete 
|  74|0x0000000709400000, 0x0000000709600000, 0x0000000709600000|100%| E|CS|TAMS 0x0000000709400000| PB 0x0000000709400000| Complete 
|  75|0x0000000709600000, 0x0000000709800000, 0x0000000709800000|100%| E|CS|TAMS 0x0000000709600000| PB 0x0000000709600000| Complete 
|  76|0x0000000709800000, 0x0000000709a00000, 0x0000000709a00000|100%| E|CS|TAMS 0x0000000709800000| PB 0x0000000709800000| Complete 
|  77|0x0000000709a00000, 0x0000000709c00000, 0x0000000709c00000|100%| E|CS|TAMS 0x0000000709a00000| PB 0x0000000709a00000| Complete 
|  78|0x0000000709c00000, 0x0000000709e00000, 0x0000000709e00000|100%| E|CS|TAMS 0x0000000709c00000| PB 0x0000000709c00000| Complete 
|  79|0x0000000709e00000, 0x000000070a000000, 0x000000070a000000|100%| E|CS|TAMS 0x0000000709e00000| PB 0x0000000709e00000| Complete 
|  80|0x000000070a000000, 0x000000070a200000, 0x000000070a200000|100%| E|CS|TAMS 0x000000070a000000| PB 0x000000070a000000| Complete 
|  81|0x000000070a200000, 0x000000070a400000, 0x000000070a400000|100%| E|CS|TAMS 0x000000070a200000| PB 0x000000070a200000| Complete 
|  82|0x000000070a400000, 0x000000070a600000, 0x000000070a600000|100%| E|CS|TAMS 0x000000070a400000| PB 0x000000070a400000| Complete 
|  83|0x000000070a600000, 0x000000070a800000, 0x000000070a800000|100%| E|CS|TAMS 0x000000070a600000| PB 0x000000070a600000| Complete 
|  84|0x000000070a800000, 0x000000070aa00000, 0x000000070aa00000|100%| E|CS|TAMS 0x000000070a800000| PB 0x000000070a800000| Complete 
|  85|0x000000070aa00000, 0x000000070ac00000, 0x000000070ac00000|100%| E|CS|TAMS 0x000000070aa00000| PB 0x000000070aa00000| Complete 
|  86|0x000000070ac00000, 0x000000070ae00000, 0x000000070ae00000|100%| E|CS|TAMS 0x000000070ac00000| PB 0x000000070ac00000| Complete 
|  87|0x000000070ae00000, 0x000000070b000000, 0x000000070b000000|100%| E|CS|TAMS 0x000000070ae00000| PB 0x000000070ae00000| Complete 
|  88|0x000000070b000000, 0x000000070b200000, 0x000000070b200000|100%| E|CS|TAMS 0x000000070b000000| PB 0x000000070b000000| Complete 
|  89|0x000000070b200000, 0x000000070b400000, 0x000000070b400000|100%| E|CS|TAMS 0x000000070b200000| PB 0x000000070b200000| Complete 
|  90|0x000000070b400000, 0x000000070b600000, 0x000000070b600000|100%| E|CS|TAMS 0x000000070b400000| PB 0x000000070b400000| Complete 
|  91|0x000000070b600000, 0x000000070b800000, 0x000000070b800000|100%| E|CS|TAMS 0x000000070b600000| PB 0x000000070b600000| Complete 
|2044|0x00000007ff800000, 0x00000007ffa00000, 0x00000007ffa00000|100%| O|  |TAMS 0x00000007ff800000| PB 0x00000007ff800000| Untracked 
|2045|0x00000007ffa00000, 0x00000007ffc00000, 0x00000007ffc00000|100%| O|  |TAMS 0x00000007ffa00000| PB 0x00000007ffa00000| Untracked 
|2046|0x00000007ffc00000, 0x00000007ffe00000, 0x00000007ffe00000|100%| O|  |TAMS 0x00000007ffc00000| PB 0x00000007ffc00000| Untracked 
|2047|0x00000007ffe00000, 0x0000000800000000, 0x0000000800000000|100%| E|CS|TAMS 0x00000007ffe00000| PB 0x00000007ffe00000| Complete 

Card table byte_map: [0x00000168a2180000,0x00000168a2980000] _byte_map_base: 0x000001689e980000

Marking Bits: (CMBitMap*) 0x000001688f894430
 Bits: [0x00000168a2980000, 0x00000168a6980000)

Polling page: 0x000001688d460000

Metaspace:

Usage:
  Non-class:     55.55 MB used.
      Class:      9.07 MB used.
       Both:     64.62 MB used.

Virtual space:
  Non-class space:       64.00 MB reserved,      56.31 MB ( 88%) committed,  1 nodes.
      Class space:      416.00 MB reserved,       9.81 MB (  2%) committed,  1 nodes.
             Both:      480.00 MB reserved,      66.12 MB ( 14%) committed. 

Chunk freelists:
   Non-Class:  7.52 MB
       Class:  6.19 MB
        Both:  13.71 MB

MaxMetaspaceSize: 512.00 MB
CompressedClassSpaceSize: 416.00 MB
Initial GC threshold: 21.00 MB
Current GC threshold: 109.69 MB
CDS: off
 - commit_granule_bytes: 65536.
 - commit_granule_words: 8192.
 - virtual_space_node_default_size: 8388608.
 - enlarge_chunks_in_place: 1.
 - use_allocation_guard: 0.


Internal statistics:

num_allocs_failed_limit: 6.
num_arena_births: 2944.
num_arena_deaths: 4.
num_vsnodes_births: 2.
num_vsnodes_deaths: 0.
num_space_committed: 1058.
num_space_uncommitted: 0.
num_chunks_returned_to_freelist: 10.
num_chunks_taken_from_freelist: 5593.
num_chunk_merges: 3.
num_chunk_splits: 3642.
num_chunks_enlarged: 2272.
num_inconsistent_stats: 0.

CodeHeap 'non-profiled nmethods': size=120000Kb used=5512Kb max_used=5737Kb free=114488Kb
 bounds [0x000001689a450000, 0x000001689a9f0000, 0x00000168a1980000]
CodeHeap 'profiled nmethods': size=120000Kb used=11917Kb max_used=13295Kb free=108082Kb
 bounds [0x0000016892980000, 0x0000016893680000, 0x0000016899eb0000]
CodeHeap 'non-nmethods': size=5760Kb used=2006Kb max_used=2105Kb free=3753Kb
 bounds [0x0000016899eb0000, 0x000001689a120000, 0x000001689a450000]
CodeCache: size=245760Kb, used=19435Kb, max_used=21137Kb, free=226323Kb
 total_blobs=7406, nmethods=6641, adapters=670, full_count=0
Compilation: enabled, stopped_count=0, restarted_count=0

Compilation events (20 events):
Event: 129.104 Thread 0x00000168ad051e20 nmethod 8596 0x0000016893514110 code [0x0000016893514340, 0x0000016893514c38]
Event: 129.111 Thread 0x00000168ad051e20 8597       3       java.util.BitSet::ensureCapacity (39 bytes)
Event: 129.111 Thread 0x00000168ad051e20 nmethod 8597 0x00000168934dc890 code [0x00000168934dca40, 0x00000168934dccd0]
Event: 129.114 Thread 0x00000168ad051e20 8598       3       groovyjarjarantlr4.v4.runtime.atn.PredictionContextCache::join (79 bytes)
Event: 129.115 Thread 0x00000168ad051e20 nmethod 8598 0x0000016893513590 code [0x00000168935137c0, 0x0000016893513ee0]
Event: 129.125 Thread 0x00000168ad040be0 nmethod 8593% 0x000001689a86c190 code [0x000001689a86c540, 0x000001689a86e990]
Event: 129.125 Thread 0x00000168ad040be0 8599       4       groovyjarjarantlr4.v4.runtime.atn.ATNConfig::transform (19 bytes)
Event: 129.125 Thread 0x00000168ad051e20 8600   !   3       java.util.ArrayList::clone (40 bytes)
Event: 129.126 Thread 0x00000168ad051e20 nmethod 8600 0x0000016893580c90 code [0x0000016893580e80, 0x0000016893581308]
Event: 129.139 Thread 0x00000168ad040be0 nmethod 8599 0x000001689a86b510 code [0x000001689a86b700, 0x000001689a86bd98]
Event: 129.139 Thread 0x00000168ad040be0 8594 %     4       groovyjarjarantlr4.v4.runtime.atn.ParserATNSimulator::closure @ 46 (98 bytes)
Event: 129.177 Thread 0x00000168ad040be0 nmethod 8594% 0x000001689a869f90 code [0x000001689a86a1c0, 0x000001689a86af28]
Event: 129.178 Thread 0x00000168ad040be0 8601 %     4       groovyjarjarantlr4.v4.runtime.atn.ParserATNSimulator::isConflicted @ 106 (801 bytes)
Event: 129.209 Thread 0x00000168ad051e20 8604       3       org.apache.groovy.parser.antlr4.GroovyParser$PostfixExpressionContext::<init> (7 bytes)
Event: 129.210 Thread 0x00000168ad051e20 nmethod 8604 0x0000016893580610 code [0x00000168935807e0, 0x0000016893580b10]
Event: 129.215 Thread 0x00000168ad051e20 8605   !   3       org.apache.groovy.parser.antlr4.GroovyParser::pathExpression (332 bytes)
Event: 129.218 Thread 0x00000168ad051e20 nmethod 8605 0x0000016893523110 code [0x00000168935234a0, 0x0000016893525008]
Event: 129.218 Thread 0x00000168ad051e20 8606       3       org.apache.groovy.parser.antlr4.GroovyParser$PathExpressionContext::<init> (7 bytes)
Event: 129.219 Thread 0x00000168ad051e20 nmethod 8606 0x000001689357ff90 code [0x0000016893580160, 0x0000016893580490]
Event: 129.219 Thread 0x00000168ad051e20 8607   !   3       org.apache.groovy.parser.antlr4.GroovyParser::primary (608 bytes)

GC Heap History (20 events):
Event: 115.357 GC heap before
{Heap before GC invocations=46 (full 0):
 garbage-first heap   total 163840K, used 149634K [0x0000000700000000, 0x0000000800000000)
  region size 2048K, 29 young (59392K), 2 survivors (4096K)
 Metaspace       used 65663K, committed 67136K, reserved 491520K
  class space    used 9251K, committed 9984K, reserved 425984K
}
Event: 115.366 GC heap after
{Heap after GC invocations=47 (full 0):
 garbage-first heap   total 163840K, used 95242K [0x0000000700000000, 0x0000000800000000)
  region size 2048K, 3 young (6144K), 3 survivors (6144K)
 Metaspace       used 65663K, committed 67136K, reserved 491520K
  class space    used 9251K, committed 9984K, reserved 425984K
}
Event: 115.938 GC heap before
{Heap before GC invocations=48 (full 0):
 garbage-first heap   total 163840K, used 146442K [0x0000000700000000, 0x0000000800000000)
  region size 2048K, 28 young (57344K), 3 survivors (6144K)
 Metaspace       used 65665K, committed 67136K, reserved 491520K
  class space    used 9252K, committed 9984K, reserved 425984K
}
Event: 115.945 GC heap after
{Heap after GC invocations=49 (full 0):
 garbage-first heap   total 163840K, used 95430K [0x0000000700000000, 0x0000000800000000)
  region size 2048K, 3 young (6144K), 3 survivors (6144K)
 Metaspace       used 65665K, committed 67136K, reserved 491520K
  class space    used 9252K, committed 9984K, reserved 425984K
}
Event: 116.945 GC heap before
{Heap before GC invocations=49 (full 0):
 garbage-first heap   total 163840K, used 144582K [0x0000000700000000, 0x0000000800000000)
  region size 2048K, 28 young (57344K), 3 survivors (6144K)
 Metaspace       used 65665K, committed 67136K, reserved 491520K
  class space    used 9252K, committed 9984K, reserved 425984K
}
Event: 116.959 GC heap after
{Heap after GC invocations=50 (full 0):
 garbage-first heap   total 163840K, used 95762K [0x0000000700000000, 0x0000000800000000)
  region size 2048K, 3 young (6144K), 3 survivors (6144K)
 Metaspace       used 65665K, committed 67136K, reserved 491520K
  class space    used 9252K, committed 9984K, reserved 425984K
}
Event: 117.975 GC heap before
{Heap before GC invocations=50 (full 0):
 garbage-first heap   total 163840K, used 146962K [0x0000000700000000, 0x0000000800000000)
  region size 2048K, 28 young (57344K), 3 survivors (6144K)
 Metaspace       used 65666K, committed 67200K, reserved 491520K
  class space    used 9252K, committed 9984K, reserved 425984K
}
Event: 117.984 GC heap after
{Heap after GC invocations=51 (full 0):
 garbage-first heap   total 163840K, used 96372K [0x0000000700000000, 0x0000000800000000)
  region size 2048K, 3 young (6144K), 3 survivors (6144K)
 Metaspace       used 65666K, committed 67200K, reserved 491520K
  class space    used 9252K, committed 9984K, reserved 425984K
}
Event: 118.745 GC heap before
{Heap before GC invocations=52 (full 0):
 garbage-first heap   total 163840K, used 145524K [0x0000000700000000, 0x0000000800000000)
  region size 2048K, 28 young (57344K), 3 survivors (6144K)
 Metaspace       used 65668K, committed 67200K, reserved 491520K
  class space    used 9252K, committed 9984K, reserved 425984K
}
Event: 118.754 GC heap after
{Heap after GC invocations=53 (full 0):
 garbage-first heap   total 163840K, used 97108K [0x0000000700000000, 0x0000000800000000)
  region size 2048K, 3 young (6144K), 3 survivors (6144K)
 Metaspace       used 65668K, committed 67200K, reserved 491520K
  class space    used 9252K, committed 9984K, reserved 425984K
}
Event: 119.291 GC heap before
{Heap before GC invocations=53 (full 0):
 garbage-first heap   total 163840K, used 146260K [0x0000000700000000, 0x0000000800000000)
  region size 2048K, 28 young (57344K), 3 survivors (6144K)
 Metaspace       used 65668K, committed 67200K, reserved 491520K
  class space    used 9252K, committed 9984K, reserved 425984K
}
Event: 119.305 GC heap after
{Heap after GC invocations=54 (full 0):
 garbage-first heap   total 163840K, used 97110K [0x0000000700000000, 0x0000000800000000)
  region size 2048K, 3 young (6144K), 3 survivors (6144K)
 Metaspace       used 65668K, committed 67200K, reserved 491520K
  class space    used 9252K, committed 9984K, reserved 425984K
}
Event: 119.936 GC heap before
{Heap before GC invocations=54 (full 0):
 garbage-first heap   total 163840K, used 144214K [0x0000000700000000, 0x0000000800000000)
  region size 2048K, 27 young (55296K), 3 survivors (6144K)
 Metaspace       used 65668K, committed 67200K, reserved 491520K
  class space    used 9252K, committed 9984K, reserved 425984K
}
Event: 119.947 GC heap after
{Heap after GC invocations=55 (full 0):
 garbage-first heap   total 196608K, used 98017K [0x0000000700000000, 0x0000000800000000)
  region size 2048K, 3 young (6144K), 3 survivors (6144K)
 Metaspace       used 65668K, committed 67200K, reserved 491520K
  class space    used 9252K, committed 9984K, reserved 425984K
}
Event: 122.921 GC heap before
{Heap before GC invocations=56 (full 0):
 garbage-first heap   total 196608K, used 175841K [0x0000000700000000, 0x0000000800000000)
  region size 2048K, 41 young (83968K), 3 survivors (6144K)
 Metaspace       used 65803K, committed 67392K, reserved 491520K
  class space    used 9275K, committed 10048K, reserved 425984K
}
Event: 122.926 GC heap after
{Heap after GC invocations=57 (full 0):
 garbage-first heap   total 196608K, used 97598K [0x0000000700000000, 0x0000000800000000)
  region size 2048K, 1 young (2048K), 1 survivors (2048K)
 Metaspace       used 65803K, committed 67392K, reserved 491520K
  class space    used 9275K, committed 10048K, reserved 425984K
}
Event: 123.906 GC heap before
{Heap before GC invocations=57 (full 0):
 garbage-first heap   total 196608K, used 181566K [0x0000000700000000, 0x0000000800000000)
  region size 2048K, 42 young (86016K), 1 survivors (2048K)
 Metaspace       used 65804K, committed 67392K, reserved 491520K
  class space    used 9275K, committed 10048K, reserved 425984K
}
Event: 123.914 GC heap after
{Heap after GC invocations=58 (full 0):
 garbage-first heap   total 196608K, used 96952K [0x0000000700000000, 0x0000000800000000)
  region size 2048K, 2 young (4096K), 2 survivors (4096K)
 Metaspace       used 65804K, committed 67392K, reserved 491520K
  class space    used 9275K, committed 10048K, reserved 425984K
}
Event: 124.587 GC heap before
{Heap before GC invocations=58 (full 0):
 garbage-first heap   total 196608K, used 160440K [0x0000000700000000, 0x0000000800000000)
  region size 2048K, 34 young (69632K), 2 survivors (4096K)
 Metaspace       used 65838K, committed 67392K, reserved 491520K
  class space    used 9279K, committed 10048K, reserved 425984K
}
Event: 124.593 GC heap after
{Heap after GC invocations=59 (full 0):
 garbage-first heap   total 196608K, used 93211K [0x0000000700000000, 0x0000000800000000)
  region size 2048K, 1 young (2048K), 1 survivors (2048K)
 Metaspace       used 65838K, committed 67392K, reserved 491520K
  class space    used 9279K, committed 10048K, reserved 425984K
}

Dll operation events (3 events):
Event: 0.140 Loaded shared library C:\Program Files\Android\Android Studio\jbr\bin\java.dll
Event: 0.235 Loaded shared library C:\Program Files\Android\Android Studio\jbr\bin\zip.dll
Event: 5.431 Loaded shared library C:\Program Files\Android\Android Studio\jbr\bin\verify.dll

Deoptimization events (20 events):
Event: 125.882 Thread 0x00000168aedf1cd0 DEOPT PACKING pc=0x00000168932ec3b6 sp=0x000000453acf4ca0
Event: 125.883 Thread 0x00000168aedf1cd0 DEOPT UNPACKING pc=0x0000016899f04e23 sp=0x000000453acf41d8 mode 0
Event: 125.927 Thread 0x00000168aedf1cd0 DEOPT PACKING pc=0x00000168932ec3b6 sp=0x000000453acf5120
Event: 125.927 Thread 0x00000168aedf1cd0 DEOPT UNPACKING pc=0x0000016899f04e23 sp=0x000000453acf4658 mode 0
Event: 125.999 Thread 0x00000168aedf1cd0 DEOPT PACKING pc=0x00000168932ec3b6 sp=0x000000453acf4bb0
Event: 125.999 Thread 0x00000168aedf1cd0 DEOPT UNPACKING pc=0x0000016899f04e23 sp=0x000000453acf40e8 mode 0
Event: 126.065 Thread 0x00000168aedf1cd0 DEOPT PACKING pc=0x00000168931217f7 sp=0x000000453acf4c60
Event: 126.065 Thread 0x00000168aedf1cd0 DEOPT UNPACKING pc=0x0000016899f04e23 sp=0x000000453acf4178 mode 0
Event: 126.126 Thread 0x00000168aedf1cd0 DEOPT PACKING pc=0x00000168932ec3b6 sp=0x000000453acf4a50
Event: 126.126 Thread 0x00000168aedf1cd0 DEOPT UNPACKING pc=0x0000016899f04e23 sp=0x000000453acf3f88 mode 0
Event: 126.534 Thread 0x00000168aedf1cd0 Uncommon trap: trap_request=0xffffffde fr.pc=0x000001689a4e06a0 relative=0x0000000000000460
Event: 126.534 Thread 0x00000168aedf1cd0 Uncommon trap: reason=class_check action=maybe_recompile pc=0x000001689a4e06a0 method=groovyjarjarantlr4.v4.runtime.atn.ATNConfig.equals(Lgroovyjarjarantlr4/v4/runtime/atn/ATNConfig;)Z @ 74 c2
Event: 126.534 Thread 0x00000168aedf1cd0 DEOPT PACKING pc=0x000001689a4e06a0 sp=0x000000453acf4900
Event: 126.534 Thread 0x00000168aedf1cd0 DEOPT UNPACKING pc=0x0000016899f0469c sp=0x000000453acf4830 mode 2
Event: 126.543 Thread 0x00000168aedf1cd0 DEOPT PACKING pc=0x00000168932ec3b6 sp=0x000000453acf4f40
Event: 126.543 Thread 0x00000168aedf1cd0 DEOPT UNPACKING pc=0x0000016899f04e23 sp=0x000000453acf4478 mode 0
Event: 129.109 Thread 0x00000168aedf1cd0 Uncommon trap: trap_request=0xffffff45 fr.pc=0x000001689a980150 relative=0x00000000000001b0
Event: 129.109 Thread 0x00000168aedf1cd0 Uncommon trap: reason=unstable_if action=reinterpret pc=0x000001689a980150 method=groovyjarjarantlr4.v4.runtime.atn.PredictionContextCache$IdentityCommutativePredictionContextOperands.equals(Ljava/lang/Object;)Z @ 40 c2
Event: 129.109 Thread 0x00000168aedf1cd0 DEOPT PACKING pc=0x000001689a980150 sp=0x000000453acf4400
Event: 129.109 Thread 0x00000168aedf1cd0 DEOPT UNPACKING pc=0x0000016899f0469c sp=0x000000453acf4238 mode 2

Classes loaded (20 events):
Event: 90.945 Loading class java/nio/StringCharBuffer
Event: 90.946 Loading class java/nio/StringCharBuffer done
Event: 92.144 Loading class java/security/Key
Event: 92.145 Loading class java/security/Key done
Event: 97.469 Loading class java/lang/foreign/MemorySegment
Event: 97.472 Loading class java/lang/foreign/MemorySegment done
Event: 122.214 Loading class java/util/stream/SortedOps$OfRef
Event: 122.229 Loading class java/util/stream/SortedOps$OfRef done
Event: 122.235 Loading class java/util/stream/SortedOps$SizedRefSortingSink
Event: 122.238 Loading class java/util/stream/SortedOps$AbstractRefSortingSink
Event: 122.239 Loading class java/util/stream/SortedOps$AbstractRefSortingSink done
Event: 122.239 Loading class java/util/stream/SortedOps$SizedRefSortingSink done
Event: 122.298 Loading class java/util/HashMap$EntrySpliterator
Event: 122.303 Loading class java/util/HashMap$EntrySpliterator done
Event: 122.309 Loading class java/util/stream/SortedOps$RefSortingSink
Event: 122.319 Loading class java/util/stream/SortedOps$RefSortingSink done
Event: 125.544 Loading class java/lang/ThreadDeath
Event: 125.545 Loading class java/lang/ThreadDeath done
Event: 125.546 Loading class sun/misc/SharedSecrets
Event: 125.546 Loading class sun/misc/SharedSecrets done

Classes unloaded (5 events):
Event: 86.479 Thread 0x00000168a8e4a460 Unloading class 0x0000000800848528 '_BuildScript_$_run_closure1'
Event: 86.479 Thread 0x00000168a8e4a460 Unloading class 0x0000000800848000 '_BuildScript_'
Event: 88.162 Thread 0x00000168a8e4a460 Unloading class 0x00000008008bc948 '_BuildScript_$_run_closure1$_closure2'
Event: 88.162 Thread 0x00000168a8e4a460 Unloading class 0x00000008008bc528 '_BuildScript_$_run_closure1'
Event: 88.162 Thread 0x00000168a8e4a460 Unloading class 0x00000008008bc000 '_BuildScript_'

Classes redefined (0 events):
No events

Internal exceptions (20 events):
Event: 125.272 Thread 0x00000168aedf1cd0 Exception <a 'sun/nio/fs/WindowsException'{0x000000070ae72008}> (0x000000070ae72008) 
thrown [s\src\hotspot\share\prims\jni.cpp, line 537]
Event: 125.280 Thread 0x00000168aedf1cd0 Exception <a 'sun/nio/fs/WindowsException'{0x000000070ae822d8}> (0x000000070ae822d8) 
thrown [s\src\hotspot\share\prims\jni.cpp, line 537]
Event: 125.286 Thread 0x00000168aedf1cd0 Exception <a 'sun/nio/fs/WindowsException'{0x000000070ae920d8}> (0x000000070ae920d8) 
thrown [s\src\hotspot\share\prims\jni.cpp, line 537]
Event: 125.293 Thread 0x00000168aedf1cd0 Exception <a 'sun/nio/fs/WindowsException'{0x000000070ae9c948}> (0x000000070ae9c948) 
thrown [s\src\hotspot\share\prims\jni.cpp, line 537]
Event: 125.383 Thread 0x00000168af4cc570 Exception <a 'sun/nio/fs/WindowsException'{0x000000070af26db0}> (0x000000070af26db0) 
thrown [s\src\hotspot\share\prims\jni.cpp, line 537]
Event: 125.389 Thread 0x00000168af4cc570 Exception <a 'sun/nio/fs/WindowsException'{0x000000070af27468}> (0x000000070af27468) 
thrown [s\src\hotspot\share\prims\jni.cpp, line 537]
Event: 125.396 Thread 0x00000168af4cc570 Exception <a 'sun/nio/fs/WindowsException'{0x000000070af34e38}> (0x000000070af34e38) 
thrown [s\src\hotspot\share\prims\jni.cpp, line 537]
Event: 125.403 Thread 0x00000168af4cc570 Exception <a 'sun/nio/fs/WindowsException'{0x000000070af426e0}> (0x000000070af426e0) 
thrown [s\src\hotspot\share\prims\jni.cpp, line 537]
Event: 125.414 Thread 0x00000168af4cc570 Exception <a 'sun/nio/fs/WindowsException'{0x000000070af4e258}> (0x000000070af4e258) 
thrown [s\src\hotspot\share\prims\jni.cpp, line 537]
Event: 125.499 Thread 0x00000168aedf1cd0 Exception <a 'java/lang/ClassNotFoundException'{0x000000070af6fa30}: sync_studio_tooling_sviclldifj9vr18aattbfedzBeanInfo> (0x000000070af6fa30) 
thrown [s\src\hotspot\share\classfile\systemDictionary.cpp, line 312]
Event: 125.501 Thread 0x00000168aedf1cd0 Exception <a 'java/lang/ClassNotFoundException'{0x000000070af77910}: sync_studio_tooling_sviclldifj9vr18aattbfedzCustomizer> (0x000000070af77910) 
thrown [s\src\hotspot\share\classfile\systemDictionary.cpp, line 312]
Event: 125.547 Thread 0x00000168aedf1cd0 Exception <a 'java/lang/ClassNotFoundException'{0x000000070afb47f8}: sun/misc/SharedSecrets> (0x000000070afb47f8) 
thrown [s\src\hotspot\share\classfile\systemDictionary.cpp, line 312]
Event: 125.547 Thread 0x00000168aedf1cd0 Exception <a 'java/lang/ClassNotFoundException'{0x000000070afb5df0}: org/gradle/util/GradleVersionBeanInfo> (0x000000070afb5df0) 
thrown [s\src\hotspot\share\classfile\systemDictionary.cpp, line 312]
Event: 125.549 Thread 0x00000168aedf1cd0 Exception <a 'java/lang/ClassNotFoundException'{0x000000070afc7e90}: org/gradle/util/GradleVersionCustomizer> (0x000000070afc7e90) 
thrown [s\src\hotspot\share\classfile\systemDictionary.cpp, line 312]
Event: 125.570 Thread 0x00000168aedf1cd0 Exception <a 'java/lang/ClassNotFoundException'{0x000000070aff3cc0}: org/gradle/util/internal/DefaultGradleVersionBeanInfo> (0x000000070aff3cc0) 
thrown [s\src\hotspot\share\classfile\systemDictionary.cpp, line 312]
Event: 125.578 Thread 0x00000168aedf1cd0 Exception <a 'java/lang/ClassNotFoundException'{0x000000070ac06398}: org/gradle/util/internal/DefaultGradleVersionCustomizer> (0x000000070ac06398) 
thrown [s\src\hotspot\share\classfile\systemDictionary.cpp, line 312]
Event: 125.621 Thread 0x00000168aedf1cd0 Exception <a 'java/lang/ClassNotFoundException'{0x000000070ac6fcb0}: org/gradle/invocation/DefaultGradle$DefaultGradleLifecycle_DecoratedBeanInfo> (0x000000070ac6fcb0) 
thrown [s\src\hotspot\share\classfile\systemDictionary.cpp, line 312]
Event: 125.623 Thread 0x00000168aedf1cd0 Exception <a 'java/lang/ClassNotFoundException'{0x000000070ac83358}: org/gradle/invocation/DefaultGradle$DefaultGradleLifecycleBeanInfo> (0x000000070ac83358) 
thrown [s\src\hotspot\share\classfile\systemDictionary.cpp, line 312]
Event: 125.625 Thread 0x00000168aedf1cd0 Exception <a 'java/lang/ClassNotFoundException'{0x000000070ac96ab8}: org/gradle/invocation/DefaultGradle$DefaultGradleLifecycleCustomizer> (0x000000070ac96ab8) 
thrown [s\src\hotspot\share\classfile\systemDictionary.cpp, line 312]
Event: 125.629 Thread 0x00000168aedf1cd0 Exception <a 'java/lang/ClassNotFoundException'{0x000000070acadf18}: org/gradle/invocation/DefaultGradle$DefaultGradleLifecycle_DecoratedCustomizer> (0x000000070acadf18) 
thrown [s\src\hotspot\share\classfile\systemDictionary.cpp, line 312]

ZGC Phase Switch (0 events):
No events

VM Operations (20 events):
Event: 122.354 Executing VM operation: Cleanup
Event: 122.354 Executing VM operation: Cleanup done
Event: 122.668 Executing VM operation: HandshakeAllThreads (Deoptimize)
Event: 122.668 Executing VM operation: HandshakeAllThreads (Deoptimize) done
Event: 122.921 Executing VM operation: G1CollectForAllocation (G1 Evacuation Pause)
Event: 122.927 Executing VM operation: G1CollectForAllocation (G1 Evacuation Pause) done
Event: 123.906 Executing VM operation: G1CollectForAllocation (G1 Evacuation Pause)
Event: 123.914 Executing VM operation: G1CollectForAllocation (G1 Evacuation Pause) done
Event: 124.587 Executing VM operation: G1TryInitiateConcMark (G1 Humongous Allocation)
Event: 124.593 Executing VM operation: G1TryInitiateConcMark (G1 Humongous Allocation) done
Event: 124.841 Executing VM operation: G1PauseRemark
Event: 124.850 Executing VM operation: G1PauseRemark done
Event: 124.948 Executing VM operation: G1PauseCleanup
Event: 124.949 Executing VM operation: G1PauseCleanup done
Event: 125.885 Executing VM operation: ICBufferFull
Event: 125.885 Executing VM operation: ICBufferFull done
Event: 126.889 Executing VM operation: Cleanup
Event: 126.950 Executing VM operation: Cleanup done
Event: 127.954 Executing VM operation: Cleanup
Event: 127.992 Executing VM operation: Cleanup done

Memory protections (0 events):
No events

Nmethod flushes (20 events):
Event: 124.848 Thread 0x00000168a8e4a460 flushing  nmethod 0x00000168933a6810
Event: 124.848 Thread 0x00000168a8e4a460 flushing  nmethod 0x00000168933e2590
Event: 124.848 Thread 0x00000168a8e4a460 flushing  nmethod 0x00000168935a0710
Event: 124.848 Thread 0x00000168a8e4a460 flushing  nmethod 0x00000168935aaf10
Event: 124.848 Thread 0x00000168a8e4a460 flushing  nmethod 0x00000168935e3b10
Event: 124.848 Thread 0x00000168a8e4a460 flushing  nmethod 0x000001689a865f10
Event: 124.848 Thread 0x00000168a8e4a460 flushing  nmethod 0x000001689a872410
Event: 124.848 Thread 0x00000168a8e4a460 flushing  nmethod 0x00000168931c6290
Event: 124.848 Thread 0x00000168a8e4a460 flushing  nmethod 0x00000168931c6710
Event: 124.848 Thread 0x00000168a8e4a460 flushing  nmethod 0x00000168931c7490
Event: 124.848 Thread 0x00000168a8e4a460 flushing  nmethod 0x000001689331e010
Event: 124.848 Thread 0x00000168a8e4a460 flushing  nmethod 0x000001689340de10
Event: 124.848 Thread 0x00000168a8e4a460 flushing  nmethod 0x000001689a90e010
Event: 124.848 Thread 0x00000168a8e4a460 flushing  nmethod 0x0000016893203090
Event: 124.848 Thread 0x00000168a8e4a460 flushing  nmethod 0x00000168933dd910
Event: 124.848 Thread 0x00000168a8e4a460 flushing  nmethod 0x0000016893666690
Event: 124.848 Thread 0x00000168a8e4a460 flushing  nmethod 0x000001689366ca90
Event: 124.848 Thread 0x00000168a8e4a460 flushing  nmethod 0x00000168933d2790
Event: 124.848 Thread 0x00000168a8e4a460 flushing  nmethod 0x00000168933d2c90
Event: 124.848 Thread 0x00000168a8e4a460 flushing  nmethod 0x00000168933d3010

Events (20 events):
Event: 74.303 Thread 0x00000168b02e8050 Thread exited: 0x00000168b02e8050
Event: 74.504 Thread 0x00000168ad051e20 Thread added: 0x00000168ad794de0
Event: 75.742 Thread 0x00000168ad794de0 Thread exited: 0x00000168ad794de0
Event: 75.833 Thread 0x00000168ad051e20 Thread added: 0x00000168ad794de0
Event: 76.184 Thread 0x00000168ad794de0 Thread exited: 0x00000168ad794de0
Event: 78.887 Thread 0x00000168ad051e20 Thread added: 0x00000168af0eb460
Event: 79.036 Thread 0x00000168af0eb460 Thread exited: 0x00000168af0eb460
Event: 79.687 Thread 0x00000168ad051e20 Thread added: 0x00000168ad426ee0
Event: 79.920 Thread 0x00000168ad426ee0 Thread exited: 0x00000168ad426ee0
Event: 80.948 Thread 0x00000168ad051e20 Thread added: 0x00000168af334740
Event: 82.232 Thread 0x00000168af334740 Thread exited: 0x00000168af334740
Event: 85.134 Thread 0x00000168ad051e20 Thread added: 0x00000168b21e5f60
Event: 85.568 Thread 0x00000168aedf1cd0 Thread added: 0x00000168af4ccc00
Event: 85.572 Thread 0x00000168aedf1cd0 Thread added: 0x00000168af4cf360
Event: 87.662 Thread 0x00000168b21e5f60 Thread exited: 0x00000168b21e5f60
Event: 89.152 Thread 0x00000168aedf1cd0 Thread added: 0x00000168af4d0710
Event: 89.156 Thread 0x00000168aedf1cd0 Thread added: 0x00000168af4cd290
Event: 91.877 Thread 0x00000168ad051e20 Thread added: 0x00000168b220df70
Event: 113.731 Thread 0x00000168b220df70 Thread exited: 0x00000168b220df70
Event: 128.656 Thread 0x00000168ad040be0 Thread added: 0x00000168b02e7ff0


Dynamic libraries:
0x00007ff6076c0000 - 0x00007ff6076ca000 	C:\Program Files\Android\Android Studio\jbr\bin\java.exe
0x00007ffc6c720000 - 0x00007ffc6c988000 	C:\WINDOWS\SYSTEM32\ntdll.dll
0x00007ffc6b9f0000 - 0x00007ffc6bab9000 	C:\WINDOWS\System32\KERNEL32.DLL
0x00007ffc6a030000 - 0x00007ffc6a428000 	C:\WINDOWS\System32\KERNELBASE.dll
0x00007ffc69870000 - 0x00007ffc699bb000 	C:\WINDOWS\System32\ucrtbase.dll
0x00007ffc52930000 - 0x00007ffc52948000 	C:\Program Files\Android\Android Studio\jbr\bin\jli.dll
0x00007ffc6a740000 - 0x00007ffc6a907000 	C:\WINDOWS\System32\USER32.dll
0x00007ffc6a000000 - 0x00007ffc6a027000 	C:\WINDOWS\System32\win32u.dll
0x00007ffc6afc0000 - 0x00007ffc6afeb000 	C:\WINDOWS\System32\GDI32.dll
0x00007ffc699c0000 - 0x00007ffc69aec000 	C:\WINDOWS\System32\gdi32full.dll
0x00007ffc69af0000 - 0x00007ffc69b93000 	C:\WINDOWS\System32\msvcp_win.dll
0x00007ffc5dbd0000 - 0x00007ffc5dbeb000 	C:\Program Files\Android\Android Studio\jbr\bin\VCRUNTIME140.dll
0x00007ffc4fe00000 - 0x00007ffc50094000 	C:\WINDOWS\WinSxS\amd64_microsoft.windows.common-controls_6595b64144ccf1df_6.0.26100.7019_none_3e06ffa0e335b8a8\COMCTL32.dll
0x00007ffc6ad30000 - 0x00007ffc6add9000 	C:\WINDOWS\System32\msvcrt.dll
0x00007ffc6c4c0000 - 0x00007ffc6c4f1000 	C:\WINDOWS\System32\IMM32.DLL
0x00007ffc64410000 - 0x00007ffc6441c000 	C:\Program Files\Android\Android Studio\jbr\bin\vcruntime140_1.dll
0x00007ffc22be0000 - 0x00007ffc22c6d000 	C:\Program Files\Android\Android Studio\jbr\bin\msvcp140.dll
0x00007ffbd5440000 - 0x00007ffbd60d6000 	C:\Program Files\Android\Android Studio\jbr\bin\server\jvm.dll
0x00007ffc6bc20000 - 0x00007ffc6bcd4000 	C:\WINDOWS\System32\ADVAPI32.dll
0x00007ffc6a690000 - 0x00007ffc6a736000 	C:\WINDOWS\System32\sechost.dll
0x00007ffc6c500000 - 0x00007ffc6c618000 	C:\WINDOWS\System32\RPCRT4.dll
0x00007ffc6bac0000 - 0x00007ffc6bb34000 	C:\WINDOWS\System32\WS2_32.dll
0x00007ffc696d0000 - 0x00007ffc6972e000 	C:\WINDOWS\SYSTEM32\POWRPROF.dll
0x00007ffc557f0000 - 0x00007ffc55825000 	C:\WINDOWS\SYSTEM32\WINMM.dll
0x00007ffc5e090000 - 0x00007ffc5e09b000 	C:\WINDOWS\SYSTEM32\VERSION.dll
0x00007ffc696b0000 - 0x00007ffc696c4000 	C:\WINDOWS\SYSTEM32\UMPDC.dll
0x00007ffc68630000 - 0x00007ffc6864b000 	C:\WINDOWS\SYSTEM32\kernel.appcore.dll
0x00007ffc5de10000 - 0x00007ffc5de1a000 	C:\Program Files\Android\Android Studio\jbr\bin\jimage.dll
0x00007ffc66f70000 - 0x00007ffc671b2000 	C:\WINDOWS\SYSTEM32\DBGHELP.DLL
0x00007ffc6a990000 - 0x00007ffc6ad1b000 	C:\WINDOWS\System32\combase.dll
0x00007ffc6aee0000 - 0x00007ffc6afb7000 	C:\WINDOWS\System32\OLEAUT32.dll
0x00007ffc4ee80000 - 0x00007ffc4eebc000 	C:\WINDOWS\SYSTEM32\dbgcore.DLL
0x00007ffc69f50000 - 0x00007ffc69ff5000 	C:\WINDOWS\System32\bcryptPrimitives.dll
0x00007ffc52960000 - 0x00007ffc5296e000 	C:\Program Files\Android\Android Studio\jbr\bin\instrument.dll
0x00007ffc54220000 - 0x00007ffc54240000 	C:\Program Files\Android\Android Studio\jbr\bin\java.dll
0x00007ffc54200000 - 0x00007ffc54218000 	C:\Program Files\Android\Android Studio\jbr\bin\zip.dll
0x00007ffc6bce0000 - 0x00007ffc6c42f000 	C:\WINDOWS\System32\SHELL32.dll
0x00007ffc69c60000 - 0x00007ffc69dcb000 	C:\WINDOWS\System32\wintypes.dll
0x00007ffc674d0000 - 0x00007ffc67d2d000 	C:\WINDOWS\SYSTEM32\windows.storage.dll
0x00007ffc6ade0000 - 0x00007ffc6aed2000 	C:\WINDOWS\System32\SHCORE.dll
0x00007ffc6a920000 - 0x00007ffc6a987000 	C:\WINDOWS\System32\shlwapi.dll
0x00007ffc69790000 - 0x00007ffc697b9000 	C:\WINDOWS\SYSTEM32\profapi.dll
0x00007ffc5ca60000 - 0x00007ffc5ca70000 	C:\Program Files\Android\Android Studio\jbr\bin\net.dll
0x00007ffc5cd10000 - 0x00007ffc5ce38000 	C:\WINDOWS\SYSTEM32\WINHTTP.dll
0x00007ffc68ba0000 - 0x00007ffc68c0b000 	C:\WINDOWS\system32\mswsock.dll
0x00007ffc541b0000 - 0x00007ffc541c6000 	C:\Program Files\Android\Android Studio\jbr\bin\nio.dll
0x00007ffc5de50000 - 0x00007ffc5de60000 	C:\Program Files\Android\Android Studio\jbr\bin\verify.dll
0x00007ffc325d0000 - 0x00007ffc325f7000 	C:\Users\USER\.gradle\native\1def1411415f61bf3af743bc5b6707747c0891f09f0c88961ee8f79bc544acac\windows-amd64\native-platform.dll
0x00007ffc230e0000 - 0x00007ffc23157000 	C:\Users\USER\.gradle\native\0.2.8\x86_64-windows-gnu\gradle-fileevents.dll
0x00007ffc54190000 - 0x00007ffc54199000 	C:\Program Files\Android\Android Studio\jbr\bin\management.dll
0x00007ffc54180000 - 0x00007ffc5418b000 	C:\Program Files\Android\Android Studio\jbr\bin\management_ext.dll
0x00007ffc6a910000 - 0x00007ffc6a918000 	C:\WINDOWS\System32\PSAPI.DLL
0x00007ffc680f0000 - 0x00007ffc68124000 	C:\WINDOWS\SYSTEM32\IPHLPAPI.DLL
0x00007ffc6ad20000 - 0x00007ffc6ad2a000 	C:\WINDOWS\System32\NSI.dll
0x00007ffc541a0000 - 0x00007ffc541a9000 	C:\Program Files\Android\Android Studio\jbr\bin\extnet.dll
0x00007ffc68e60000 - 0x00007ffc68e7b000 	C:\WINDOWS\SYSTEM32\CRYPTSP.dll
0x00007ffc68590000 - 0x00007ffc685ca000 	C:\WINDOWS\system32\rsaenh.dll
0x00007ffc68c50000 - 0x00007ffc68c7b000 	C:\WINDOWS\SYSTEM32\USERENV.dll
0x00007ffc69760000 - 0x00007ffc6978a000 	C:\WINDOWS\SYSTEM32\bcrypt.dll
0x00007ffc68e80000 - 0x00007ffc68e8c000 	C:\WINDOWS\SYSTEM32\CRYPTBASE.dll
0x00007ffbe3b60000 - 0x00007ffbe3b68000 	C:\WINDOWS\system32\wshunix.dll
0x00007ffc68750000 - 0x00007ffc68786000 	C:\WINDOWS\SYSTEM32\ntmarta.dll

JVMTI agents:
C:\Users\USER\.gradle\wrapper\dists\gradle-9.0.0-bin\d6wjpkvcgsg3oed0qlfss3wgl\gradle-9.0.0\lib\agents\gradle-instrumentation-agent-9.0.0.jar path:C:\Program Files\Android\Android Studio\jbr\bin\instrument.dll, loaded, initialized, instrumentlib options:none

dbghelp: loaded successfully - version: 4.0.5 - missing functions: none
symbol engine: initialized successfully - sym options: 0x614 - pdb path: .;C:\Program Files\Android\Android Studio\jbr\bin;C:\WINDOWS\SYSTEM32;C:\WINDOWS\WinSxS\amd64_microsoft.windows.common-controls_6595b64144ccf1df_6.0.26100.7019_none_3e06ffa0e335b8a8;C:\Program Files\Android\Android Studio\jbr\bin\server;C:\Users\USER\.gradle\native\1def1411415f61bf3af743bc5b6707747c0891f09f0c88961ee8f79bc544acac\windows-amd64;C:\Users\USER\.gradle\native\0.2.8\x86_64-windows-gnu

VM Arguments:
jvm_args: --add-opens=java.base/java.lang=ALL-UNNAMED --add-opens=java.base/java.lang.invoke=ALL-UNNAMED --add-opens=java.base/java.util=ALL-UNNAMED --add-opens=java.prefs/java.util.prefs=ALL-UNNAMED --add-exports=jdk.compiler/com.sun.tools.javac.api=ALL-UNNAMED --add-exports=jdk.compiler/com.sun.tools.javac.util=ALL-UNNAMED --add-opens=java.base/java.util=ALL-UNNAMED --add-opens=java.prefs/java.util.prefs=ALL-UNNAMED --add-opens=java.base/java.nio.charset=ALL-UNNAMED --add-opens=java.base/java.net=ALL-UNNAMED --add-opens=java.base/java.util.concurrent=ALL-UNNAMED --add-opens=java.base/java.util.concurrent.atomic=ALL-UNNAMED --add-opens=java.xml/javax.xml.namespace=ALL-UNNAMED -XX:MaxMetaspaceSize=512m -Xmx4096m -Dfile.encoding=UTF-8 -Duser.country=ID -Duser.language=en -Duser.variant -javaagent:C:\Users\USER\.gradle\wrapper\dists\gradle-9.0.0-bin\d6wjpkvcgsg3oed0qlfss3wgl\gradle-9.0.0\lib\agents\gradle-instrumentation-agent-9.0.0.jar 
java_command: org.gradle.launcher.daemon.bootstrap.GradleDaemon 9.0.0
java_class_path (initial): C:\Users\USER\.gradle\wrapper\dists\gradle-9.0.0-bin\d6wjpkvcgsg3oed0qlfss3wgl\gradle-9.0.0\lib\gradle-daemon-main-9.0.0.jar
Launcher Type: SUN_STANDARD

[Global flags]
     intx CICompilerCount                          = 3                                         {product} {ergonomic}
   size_t CompressedClassSpaceSize                 = 436207616                                 {product} {ergonomic}
     uint ConcGCThreads                            = 1                                         {product} {ergonomic}
     uint G1ConcRefinementThreads                  = 4                                         {product} {ergonomic}
   size_t G1HeapRegionSize                         = 2097152                                   {product} {ergonomic}
    uintx GCDrainStackTargetSize                   = 64                                        {product} {ergonomic}
   size_t InitialHeapSize                          = 65011712                                  {product} {ergonomic}
   size_t MarkStackSize                            = 4194304                                   {product} {ergonomic}
   size_t MaxHeapSize                              = 4294967296                                {product} {command line}
   size_t MaxMetaspaceSize                         = 536870912                                 {product} {command line}
   size_t MaxNewSize                               = 2575302656                                {product} {ergonomic}
   size_t MinHeapDeltaBytes                        = 2097152                                   {product} {ergonomic}
   size_t MinHeapSize                              = 8388608                                   {product} {ergonomic}
    uintx NonNMethodCodeHeapSize                   = 5832780                                {pd product} {ergonomic}
    uintx NonProfiledCodeHeapSize                  = 122912730                              {pd product} {ergonomic}
    uintx ProfiledCodeHeapSize                     = 122912730                              {pd product} {ergonomic}
    uintx ReservedCodeCacheSize                    = 251658240                              {pd product} {ergonomic}
     bool SegmentedCodeCache                       = true                                      {product} {ergonomic}
   size_t SoftMaxHeapSize                          = 4294967296                             {manageable} {ergonomic}
     bool UseCompressedOops                        = true                           {product lp64_product} {ergonomic}
     bool UseG1GC                                  = true                                      {product} {ergonomic}
     bool UseLargePagesIndividualAllocation        = false                                  {pd product} {ergonomic}

Logging:
Log output configuration:
 #0: stdout all=warning uptime,level,tags foldmultilines=false
 #1: stderr all=off uptime,level,tags foldmultilines=false

Environment Variables:
JAVA_HOME=C:\Program Files\Eclipse Adoptium\jdk-17.0.16.8-hotspot
PATH=C:\Program Files\Eclipse Adoptium\jdk-17.0.16.8-hotspot\bin;C:\Program Files\Common Files\Oracle\Java\javapath;C:\ProgramData\Oracle\Java\javapath;C:\WINDOWS\system32;C:\WINDOWS;C:\WINDOWS\System32\Wbem;C:\WINDOWS\System32\WindowsPowerShell\v1.0\;C:\WINDOWS\System32\OpenSSH\;C:\Program Files\Java\jdk-20\bin;C:\Program Files\Git\cmd;C:\Program Files\Eclipse Adoptium\jdk-17.0.16.8-hotspot\bin;C:\Users\USER\AppData\Local\nvm;C:\nvm4w\nodejs;C:\Program Files\Eclipse Adoptium\jdk-17.0.16.8-hotspot\bin;C:\Program Files\Common Files\Oracle\Java\javapath;C:\ProgramData\Oracle\Java\javapath;C:\WINDOWS\system32;C:\WINDOWS;C:\WINDOWS\System32\Wbem;C:\WINDOWS\System32\WindowsPowerShell\v1.0\;C:\WINDOWS\System32\OpenSSH\;C:\Program Files\Java\jdk-20\bin;C:\Program Files\Git\cmd;C:\Program Files\nodejs\;C:\Users\USER\AppData\Local\Microsoft\WindowsApps;C:\Users\USER\AppData\Local\Programs\Microsoft VS Code\bin;C:\xampp\php;C:\Users\USER\AppData\Local\ComposerSetup\bin;C:\Users\USER\AppData\Roaming\Composer\vendor\bin;C:\Users\USER\AppData\Local\GitHubDesktop\bin;C:\Users\USER\AppData\Roaming\Programs\Zero Install;C:\Users\USER\AppData\Local\Microsoft\WindowsApps;C:\Users\USER\AppData\Local\Android\Sdk\platform-tools;C:\Users\USER\AppData\Local\Android\Sdk\tools;C:\Users\USER\AppData\Local\Android\Sdk\tools\bin;C:\Users\USER\AppData\Local\nvm;C:\nvm4w\nodejs
USERNAME=USER
OS=Windows_NT
PROCESSOR_IDENTIFIER=Intel64 Family 6 Model 122 Stepping 8, GenuineIntel
TMP=C:\Users\USER\AppData\Local\Temp
TEMP=C:\Users\USER\AppData\Local\Temp




Periodic native trim disabled

JNI global refs:
JNI global refs: 28, weak refs: 5

JNI global refs memory usage: 835, weak refs: 833

Process memory usage:
Resident Set Size: 295064K (7% of 4003304K total physical memory with 507212K free physical memory)

OOME stack traces (most recent first):
Classloader memory used:
Loader org.gradle.internal.classloader.VisitableURLClassLoader                         : 35798K
Loader bootstrap                                                                       : 22203K
Loader org.gradle.initialization.MixInLegacyTypesClassLoader                           : 6589K
Loader org.gradle.internal.classloader.VisitableURLClassLoader                         : 729K
Loader jdk.internal.loader.ClassLoaders$PlatformClassLoader                            : 400K
Loader jdk.internal.loader.ClassLoaders$AppClassLoader                                 : 231K
Loader jdk.internal.reflect.DelegatingClassLoader                                      : 162K
Loader org.gradle.groovy.scripts.internal.DefaultScriptCompilationHandler$ScriptClassLoader: 46432B
Loader groovy.lang.GroovyClassLoader$InnerLoader                                       : 10504B

Classes loaded by more than one classloader:
Class org.gradle.api.GradleException                                                  : loaded 3 times (x 82B)
Class org.gradle.internal.classloader.FilteringClassLoader                            : loaded 2 times (x 105B)
Class org.gradle.internal.classloader.ClassLoaderHierarchy                            : loaded 2 times (x 70B)
Class org.gradle.api.internal.classpath.ManifestUtil                                  : loaded 2 times (x 71B)
Class org.gradle.internal.operations.MultipleBuildOperationFailures                   : loaded 2 times (x 95B)
Class org.gradle.internal.classloader.DefaultClassLoaderFactory                       : loaded 2 times (x 82B)
Class kotlin.collections.AbstractList$Companion                                       : loaded 2 times (x 71B)
Class org.gradle.internal.classloader.ClassLoaderVisitor                              : loaded 2 times (x 76B)
Class org.gradle.api.internal.classpath.EffectiveClassPath                            : loaded 2 times (x 90B)
Class org.gradle.api.internal.DefaultClassPathProvider                                : loaded 2 times (x 76B)
Class [Lorg.gradle.api.internal.ClassPathProvider;                                    : loaded 2 times (x 69B)
Class org.gradle.api.internal.ClassPathProvider                                       : loaded 2 times (x 70B)
Class org.gradle.internal.service.UnknownServiceException                             : loaded 2 times (x 83B)
Class org.gradle.internal.classpath.TransformedClassPath                              : loaded 2 times (x 96B)
Class org.gradle.internal.classloader.InstrumentingClassLoader                        : loaded 2 times (x 70B)
Class kotlin.enums.EnumEntriesList                                                    : loaded 2 times (x 223B)
Class org.gradle.internal.service.ServiceLocator                                      : loaded 2 times (x 70B)
Class org.gradle.internal.InternalTransformer                                         : loaded 2 times (x 70B)
Class org.gradle.internal.time.DefaultTimer                                           : loaded 2 times (x 80B)
Class org.gradle.internal.classloader.ClasspathUtil$1                                 : loaded 2 times (x 76B)
Class org.gradle.api.internal.classpath.DefaultModuleRegistry$DefaultModule           : loaded 2 times (x 86B)
Class org.gradle.internal.time.DefaultCountdownTimer                                  : loaded 2 times (x 88B)
Class kotlin.Function                                                                 : loaded 2 times (x 70B)
Class org.gradle.api.internal.classpath.Module                                        : loaded 2 times (x 70B)
Class org.gradle.api.internal.classpath.UnknownModuleException                        : loaded 2 times (x 82B)
Class org.gradle.api.internal.DefaultClassPathRegistry                                : loaded 2 times (x 76B)
Class org.gradle.api.internal.ClassPathRegistry                                       : loaded 2 times (x 70B)
Class org.gradle.internal.classpath.DefaultClassPath$ImmutableUniqueList              : loaded 2 times (x 199B)
Class org.gradle.internal.classpath.ClassPath                                         : loaded 2 times (x 70B)
Class kotlin.UninitializedPropertyAccessException                                     : loaded 2 times (x 82B)
Class org.gradle.internal.installation.GradleInstallation$1                           : loaded 2 times (x 75B)
Class org.gradle.api.internal.classpath.ModuleRegistry                                : loaded 2 times (x 70B)
Class org.gradle.api.internal.classpath.DefaultModuleRegistry                         : loaded 2 times (x 86B)
Class org.gradle.internal.time.MonotonicClock                                         : loaded 2 times (x 77B)
Class org.gradle.internal.service.ServiceLookupException                              : loaded 2 times (x 82B)
Class org.gradle.internal.classloader.ClassLoaderFactory                              : loaded 2 times (x 70B)
Class org.gradle.internal.service.CachingServiceLocator                               : loaded 2 times (x 82B)
Class org.gradle.internal.time.TimeSource                                             : loaded 2 times (x 70B)
Class kotlin.enums.EnumEntries                                                        : loaded 2 times (x 70B)
Class org.gradle.internal.exceptions.ResolutionProvider                               : loaded 2 times (x 70B)
Class org.gradle.internal.classloader.ClasspathUtil                                   : loaded 2 times (x 71B)
Class org.gradle.internal.time.TimeSource$1                                           : loaded 2 times (x 77B)
Class kotlin.jvm.internal.DefaultConstructorMarker                                    : loaded 2 times (x 71B)
Class org.gradle.api.specs.Spec                                                       : loaded 2 times (x 70B)
Class org.gradle.internal.time.Clock                                                  : loaded 2 times (x 70B)
Class kotlin.collections.AbstractList                                                 : loaded 2 times (x 197B)
Class kotlin.collections.AbstractCollection                                           : loaded 2 times (x 117B)
Class org.gradle.internal.classloader.VisitableURLClassLoader$InstrumentingVisitableURLClassLoader: loaded 2 times (x 123B)
Class org.gradle.internal.classloader.VisitableURLClassLoader$Spec                    : loaded 2 times (x 74B)
Class org.gradle.internal.classpath.DefaultClassPath                                  : loaded 2 times (x 90B)
Class org.gradle.internal.classloader.ClassLoaderSpec                                 : loaded 2 times (x 71B)
Class sync_studio_tooling_sviclldifj9vr18aattbfedz$_run_closure1                      : loaded 2 times (x 139B)
Class kotlin.Unit                                                                     : loaded 2 times (x 71B)
Class org.gradle.internal.classloader.VisitableURLClassLoader                         : loaded 2 times (x 117B)
Class org.gradle.internal.Cast                                                        : loaded 2 times (x 71B)
Class org.gradle.api.Action                                                           : loaded 2 times (x 70B)
Class kotlin.jvm.functions.Function1                                                  : loaded 2 times (x 70B)
Class org.gradle.internal.classpath.DefaultClassPath$ImmutableUniqueList$Builder      : loaded 2 times (x 75B)
Class kotlin.NotImplementedError                                                      : loaded 2 times (x 82B)
Class org.gradle.internal.exceptions.NonGradleCauseExceptionsHolder                   : loaded 2 times (x 70B)
Class kotlin.enums.EnumEntriesKt                                                      : loaded 2 times (x 71B)
Class org.gradle.internal.IoActions                                                   : loaded 2 times (x 71B)
Class org.gradle.internal.classloader.SystemClassLoaderSpec                           : loaded 2 times (x 71B)
Class org.gradle.internal.exceptions.MultiCauseException                              : loaded 2 times (x 70B)
Class org.gradle.internal.time.CountdownTimer                                         : loaded 2 times (x 70B)
Class kotlin.jvm.internal.Intrinsics                                                  : loaded 2 times (x 71B)
Class org.gradle.tooling.model.ProjectModel                                           : loaded 2 times (x 70B)
Class sync_studio_tooling_sviclldifj9vr18aattbfedz                                    : loaded 2 times (x 171B)
Class kotlin.KotlinNullPointerException                                               : loaded 2 times (x 83B)
Class org.gradle.internal.exceptions.DefaultMultiCauseException                       : loaded 2 times (x 95B)
Class org.gradle.internal.time.Time                                                   : loaded 2 times (x 71B)
Class org.gradle.api.internal.classpath.GlobalCacheRootsProvider                      : loaded 2 times (x 70B)
Class org.gradle.internal.time.Timer                                                  : loaded 2 times (x 70B)
Class kotlin.jvm.internal.markers.KMappedMarker                                       : loaded 2 times (x 70B)
Class org.gradle.internal.installation.CurrentGradleInstallationLocator               : loaded 2 times (x 71B)
Class org.gradle.internal.service.DefaultServiceLocator                               : loaded 2 times (x 83B)
Class org.gradle.util.GradleVersion                                                   : loaded 2 times (x 79B)
Class org.gradle.internal.installation.CurrentGradleInstallation                      : loaded 2 times (x 73B)
Class org.gradle.util.internal.GUtil                                                  : loaded 2 times (x 71B)
Class org.gradle.internal.installation.GradleInstallation                             : loaded 2 times (x 75B)

---------------  S Y S T E M  ---------------

OS:
 Windows 11 , 64 bit Build 26100 (10.0.26100.7019)
OS uptime: 0 days 6:44 hours

CPU: total 4 (initial active 4) (4 cores per cpu, 1 threads per core) family 6 model 122 stepping 8 microcode 0x22, cx8, cmov, fxsr, mmx, 3dnowpref, sse, sse2, sse3, ssse3, sse4.1, sse4.2, popcnt, tsc, tscinvbit, aes, erms, clmul, sha, clflush, clflushopt, rdtscp, rdpid
Processor Information for the first 4 processors :
  Max Mhz: 1101, Current Mhz: 1101, Mhz Limit: 1101

Memory: 4k page, system-wide physical 3909M (484M free)
TotalPageFile size 15685M (AvailPageFile size 7M)
current process WorkingSet (physical memory assigned to process): 291M, peak: 325M
current process commit charge ("private bytes"): 429M, peak: 432M

vm_info: OpenJDK 64-Bit Server VM (21.0.8+-14018985-b1038.68) for windows-amd64 JRE (21.0.8+-14018985-b1038.68), built on 2025-08-29T19:56:34Z by "builder" with MS VC++ 16.10 / 16.11 (VS2019)

END.
