#
# There is insufficient memory for the Java Runtime Environment to continue.
# Native memory allocation (malloc) failed to allocate 1048576 bytes. Error detail: AllocateHeap
# Possible reasons:
#   The system is out of physical RAM or swap space
#   This process is running with CompressedOops enabled, and the Java Heap may be blocking the growth of the native heap
# Possible solutions:
#   Reduce memory load on the system
#   Increase physical memory or swap space
#   Check if swap backing store is full
#   Decrease Java heap size (-Xmx/-Xms)
#   Decrease number of Java threads
#   Decrease Java thread stack sizes (-Xss)
#   Set larger code cache with -XX:ReservedCodeCacheSize=
#   JVM is running with Unscaled Compressed Oops mode in which the Java heap is
#     placed in the first 4GB address space. The Java Heap base address is the
#     maximum limit for the native heap growth. Please use -XX:HeapBaseMinAddress
#     to set the Java Heap base and to place the Java Heap above 4GB virtual address.
# This output file may be truncated or incomplete.
#
#  Out of Memory Error (allocation.cpp:44), pid=1832, tid=8668
#
# JRE version: OpenJDK Runtime Environment Temurin-21.0.8+9 (21.0.8+9) (build 21.0.8+9-LTS)
# Java VM: OpenJDK 64-Bit Server VM Temurin-21.0.8+9 (21.0.8+9-LTS, mixed mode, sharing, tiered, compressed oops, compressed class ptrs, parallel gc, windows-amd64)
# No core dump will be written. Minidumps are not enabled by default on client versions of Windows
#

---------------  S U M M A R Y ------------

Command Line: --add-modules=ALL-SYSTEM --add-opens=java.base/java.util=ALL-UNNAMED --add-opens=java.base/java.lang=ALL-UNNAMED --add-opens=java.base/sun.nio.fs=ALL-UNNAMED -Declipse.application=org.eclipse.jdt.ls.core.id1 -Dosgi.bundles.defaultStartLevel=4 -Declipse.product=org.eclipse.jdt.ls.core.product -Djava.import.generatesMetadataFilesAtProjectRoot=false -DDetectVMInstallationsJob.disabled=true -Dfile.encoding=utf8 -XX:+UseParallelGC -XX:GCTimeRatio=4 -XX:AdaptiveSizePolicyWeight=90 -Dsun.zip.disableMemoryMapping=true -Xmx2G -Xms100m -Xlog:disable -javaagent:c:\Users\USER\.vscode\extensions\redhat.java-1.47.0-win32-x64\lombok\lombok-1.18.39-4050.jar -XX:+HeapDumpOnOutOfMemoryError -XX:HeapDumpPath=c:\Users\USER\AppData\Roaming\Code\User\workspaceStorage\4f35a06da7e5769c503ca7de3041ff65\redhat.java -Daether.dependencyCollector.impl=bf c:\Users\USER\.vscode\extensions\redhat.java-1.47.0-win32-x64\server\plugins\org.eclipse.equinox.launcher_1.7.100.v20251014-1222.jar -configuration c:\Users\USER\AppData\Roaming\Code\User\globalStorage\redhat.java\1.47.0\config_win -data c:\Users\USER\AppData\Roaming\Code\User\workspaceStorage\4f35a06da7e5769c503ca7de3041ff65\redhat.java\jdt_ws --pipe=\\.\pipe\lsp-f4e10d3ebe1584aa4d17c6275a7aa062-sock

Host: Intel(R) Celeron(R) N4120 CPU @ 1.10GHz, 4 cores, 3G,  Windows 11 , 64 bit Build 26100 (10.0.26100.6725)
Time: Wed Nov  5 10:55:12 2025 SE Asia Standard Time elapsed time: 8815.098152 seconds (0d 2h 26m 55s)

---------------  T H R E A D  ---------------

Current thread (0x0000021012122ce0):  JavaThread "Attach Listener" daemon [_thread_in_vm, id=8668, stack(0x0000005899200000,0x0000005899300000) (1024K)]

Stack: [0x0000005899200000,0x0000005899300000]
Native frames: (J=compiled Java code, j=interpreted, Vv=VM code, C=native code)
V  [jvm.dll+0x6d2449]
V  [jvm.dll+0x8ae341]
V  [jvm.dll+0x8b08be]
V  [jvm.dll+0x8b0fa3]
V  [jvm.dll+0x280c96]
V  [jvm.dll+0xc0347]
V  [jvm.dll+0x6d2cf9]
V  [jvm.dll+0x131116]
V  [jvm.dll+0x3f2d16]
V  [jvm.dll+0x857e6b]
V  [jvm.dll+0x6d0b0d]
C  [ucrtbase.dll+0x37b0]
C  [KERNEL32.DLL+0x2e8d7]
C  [ntdll.dll+0x8c53c]


---------------  P R O C E S S  ---------------

Threads class SMR info:
_java_thread_list=0x0000021072c58bd0, length=31, elements={
0x000002101222c6d0, 0x00000210122ea660, 0x00000210122edae0, 0x0000021012122290,
0x0000021012122ce0, 0x0000021012125740, 0x0000021012126190, 0x00000210121293d0,
0x000002101219cd50, 0x000002106a8d1090, 0x000002106aa2fd60, 0x000002106f426a60,
0x000002106f3cb0d0, 0x0000021012188490, 0x0000021012187a90, 0x000002106f2fea10,
0x000002106f7f6a60, 0x000002106fa0c1c0, 0x000002107086e040, 0x00000210707cbb20,
0x00000210707cd560, 0x00000210707cdbf0, 0x00000210707cc1b0, 0x00000210707cc840,
0x0000021071284950, 0x0000021071286390, 0x00000210712835a0, 0x0000021071285d00,
0x0000021071286a20, 0x0000021071283c30, 0x000002107128a530
}

Java Threads: ( => current thread )
  0x000002101222c6d0 JavaThread "main"                              [_thread_blocked, id=10020, stack(0x0000005898a00000,0x0000005898b00000) (1024K)]
  0x00000210122ea660 JavaThread "Reference Handler"          daemon [_thread_blocked, id=14700, stack(0x0000005898f00000,0x0000005899000000) (1024K)]
  0x00000210122edae0 JavaThread "Finalizer"                  daemon [_thread_blocked, id=11428, stack(0x0000005899000000,0x0000005899100000) (1024K)]
  0x0000021012122290 JavaThread "Signal Dispatcher"          daemon [_thread_blocked, id=12960, stack(0x0000005899100000,0x0000005899200000) (1024K)]
=>0x0000021012122ce0 JavaThread "Attach Listener"            daemon [_thread_in_vm, id=8668, stack(0x0000005899200000,0x0000005899300000) (1024K)]
  0x0000021012125740 JavaThread "Service Thread"             daemon [_thread_blocked, id=8708, stack(0x0000005899300000,0x0000005899400000) (1024K)]
  0x0000021012126190 JavaThread "Monitor Deflation Thread"   daemon [_thread_blocked, id=17088, stack(0x0000005899400000,0x0000005899500000) (1024K)]
  0x00000210121293d0 JavaThread "C2 CompilerThread0"         daemon [_thread_blocked, id=8132, stack(0x0000005899500000,0x0000005899600000) (1024K)]
  0x000002101219cd50 JavaThread "C1 CompilerThread0"         daemon [_thread_blocked, id=8332, stack(0x0000005899600000,0x0000005899700000) (1024K)]
  0x000002106a8d1090 JavaThread "Common-Cleaner"             daemon [_thread_blocked, id=676, stack(0x0000005899700000,0x0000005899800000) (1024K)]
  0x000002106aa2fd60 JavaThread "Notification Thread"        daemon [_thread_blocked, id=10708, stack(0x0000005899800000,0x0000005899900000) (1024K)]
  0x000002106f426a60 JavaThread "Active Thread: Equinox Container: 4b13b19c-799a-47f4-a175-d8f473a4207c"        [_thread_blocked, id=10332, stack(0x0000005899c00000,0x0000005899d00000) (1024K)]
  0x000002106f3cb0d0 JavaThread "Refresh Thread: Equinox Container: 4b13b19c-799a-47f4-a175-d8f473a4207c" daemon [_thread_blocked, id=14276, stack(0x0000005899d00000,0x0000005899e00000) (1024K)]
  0x0000021012188490 JavaThread "Framework Event Dispatcher: Equinox Container: 4b13b19c-799a-47f4-a175-d8f473a4207c" daemon [_thread_blocked, id=7504, stack(0x0000005899e00000,0x0000005899f00000) (1024K)]
  0x0000021012187a90 JavaThread "Start Level: Equinox Container: 4b13b19c-799a-47f4-a175-d8f473a4207c" daemon [_thread_blocked, id=8264, stack(0x0000005899f00000,0x000000589a000000) (1024K)]
  0x000002106f2fea10 JavaThread "Bundle File Closer"         daemon [_thread_blocked, id=856, stack(0x000000589a100000,0x000000589a200000) (1024K)]
  0x000002106f7f6a60 JavaThread "SCR Component Actor"        daemon [_thread_blocked, id=2780, stack(0x000000589a000000,0x000000589a100000) (1024K)]
  0x000002106fa0c1c0 JavaThread "Worker-JM"                         [_thread_blocked, id=4264, stack(0x000000589a300000,0x000000589a400000) (1024K)]
  0x000002107086e040 JavaThread "JNA Cleaner"                daemon [_thread_blocked, id=15496, stack(0x000000589a400000,0x000000589a500000) (1024K)]
  0x00000210707cbb20 JavaThread "Worker-2"                          [_thread_blocked, id=9980, stack(0x000000589a600000,0x000000589a700000) (1024K)]
  0x00000210707cd560 JavaThread "Java indexing"              daemon [_thread_blocked, id=11232, stack(0x000000589a700000,0x000000589a800000) (1024K)]
  0x00000210707cdbf0 JavaThread "Worker-3"                          [_thread_blocked, id=11720, stack(0x000000589a800000,0x000000589a900000) (1024K)]
  0x00000210707cc1b0 JavaThread "Thread-1"                   daemon [_thread_in_native, id=3352, stack(0x000000589ae00000,0x000000589af00000) (1024K)]
  0x00000210707cc840 JavaThread "Thread-2"                   daemon [_thread_in_native, id=13712, stack(0x000000589af00000,0x000000589b000000) (1024K)]
  0x0000021071284950 JavaThread "Thread-3"                   daemon [_thread_in_native, id=4716, stack(0x000000589b000000,0x000000589b100000) (1024K)]
  0x0000021071286390 JavaThread "Thread-4"                   daemon [_thread_in_native, id=3884, stack(0x000000589b100000,0x000000589b200000) (1024K)]
  0x00000210712835a0 JavaThread "Thread-5"                   daemon [_thread_in_native, id=11924, stack(0x000000589b200000,0x000000589b300000) (1024K)]
  0x0000021071285d00 JavaThread "pool-2-thread-1"                   [_thread_blocked, id=11432, stack(0x000000589b300000,0x000000589b400000) (1024K)]
  0x0000021071286a20 JavaThread "WorkspaceEventsHandler"            [_thread_blocked, id=1252, stack(0x000000589b400000,0x000000589b500000) (1024K)]
  0x0000021071283c30 JavaThread "pool-1-thread-1"                   [_thread_blocked, id=10348, stack(0x000000589b500000,0x000000589b600000) (1024K)]
  0x000002107128a530 JavaThread "Timer-0"                           [_thread_blocked, id=14112, stack(0x000000589ad00000,0x000000589ae00000) (1024K)]
Total: 31

Other Threads:
  0x000002101211f6d0 VMThread "VM Thread"                           [id=17424, stack(0x0000005898e00000,0x0000005898f00000) (1024K)]
  0x00000210120bcb00 WatcherThread "VM Periodic Task Thread"        [id=14300, stack(0x0000005898d00000,0x0000005898e00000) (1024K)]
  0x000002101224a9d0 WorkerThread "GC Thread#0"                     [id=8480, stack(0x0000005898c00000,0x0000005898d00000) (1024K)]
  0x000002106ab20a30 WorkerThread "GC Thread#1"                     [id=17784, stack(0x0000005899900000,0x0000005899a00000) (1024K)]
  0x000002106ab20dd0 WorkerThread "GC Thread#2"                     [id=5020, stack(0x0000005899a00000,0x0000005899b00000) (1024K)]
  0x000002106f05cc80 WorkerThread "GC Thread#3"                     [id=16496, stack(0x0000005899b00000,0x0000005899c00000) (1024K)]
Total: 6

Threads with active compile tasks:
Total: 0

VM state: not at safepoint (normal execution)

VM Mutex/Monitor currently owned by a thread: None

Heap address: 0x0000000080000000, size: 2048 MB, Compressed Oops mode: 32-bit

CDS archive(s) mapped at: [0x0000021029000000-0x0000021029ba0000-0x0000021029ba0000), size 12189696, SharedBaseAddress: 0x0000021029000000, ArchiveRelocationMode: 1.
Compressed class space mapped at: 0x000002102a000000-0x000002106a000000, reserved size: 1073741824
Narrow klass base: 0x0000021029000000, Narrow klass shift: 0, Narrow klass range: 0x100000000

GC Precious Log:
 CardTable entry size: 512
 CPUs: 4 total, 4 available
 Memory: 3909M
 Large Page Support: Disabled
 NUMA Support: Disabled
 Compressed Oops: Enabled (32-bit)
 Alignments: Space 512K, Generation 512K, Heap 2M
 Heap Min Capacity: 100M
 Heap Initial Capacity: 100M
 Heap Max Capacity: 2G
 Pre-touch: Disabled
 Parallel Workers: 4

Heap:
 PSYoungGen      total 3072K, used 573K [0x00000000d5580000, 0x00000000d5d80000, 0x0000000100000000)
  eden space 2560K, 12% used [0x00000000d5580000,0x00000000d55cf468,0x00000000d5800000)
  from space 512K, 50% used [0x00000000d5c80000,0x00000000d5cc0010,0x00000000d5d00000)
  to   space 512K, 0% used [0x00000000d5d00000,0x00000000d5d00000,0x00000000d5d80000)
 ParOldGen       total 93184K, used 92921K [0x0000000080000000, 0x0000000085b00000, 0x00000000d5580000)
  object space 93184K, 99% used [0x0000000080000000,0x0000000085abe480,0x0000000085b00000)
 Metaspace       used 63645K, committed 64896K, reserved 1114112K
  class space    used 7394K, committed 7872K, reserved 1048576K

Card table byte_map: [0x0000021011bd0000,0x0000021011fe0000] _byte_map_base: 0x00000210117d0000

Marking Bits: (ParMarkBitMap*) 0x00007ffba68fa340
 Begin Bits: [0x00000210246d0000, 0x00000210266d0000)
 End Bits:   [0x00000210266d0000, 0x00000210286d0000)

Polling page: 0x0000021010230000

Metaspace:

Usage:
  Non-class:     54.93 MB used.
      Class:      7.22 MB used.
       Both:     62.15 MB used.

Virtual space:
  Non-class space:       64.00 MB reserved,      55.69 MB ( 87%) committed,  1 nodes.
      Class space:        1.00 GB reserved,       7.69 MB ( <1%) committed,  1 nodes.
             Both:        1.06 GB reserved,      63.38 MB (  6%) committed. 

Chunk freelists:
   Non-Class:  7.97 MB
       Class:  8.31 MB
        Both:  16.28 MB

MaxMetaspaceSize: unlimited
CompressedClassSpaceSize: 1.00 GB
Initial GC threshold: 21.00 MB
Current GC threshold: 97.31 MB
CDS: on
 - commit_granule_bytes: 65536.
 - commit_granule_words: 8192.
 - virtual_space_node_default_size: 8388608.
 - enlarge_chunks_in_place: 1.
 - use_allocation_guard: 0.


Internal statistics:

num_allocs_failed_limit: 9.
num_arena_births: 1100.
num_arena_deaths: 38.
num_vsnodes_births: 2.
num_vsnodes_deaths: 0.
num_space_committed: 1014.
num_space_uncommitted: 0.
num_chunks_returned_to_freelist: 54.
num_chunks_taken_from_freelist: 3770.
num_chunk_merges: 13.
num_chunk_splits: 2370.
num_chunks_enlarged: 1449.
num_inconsistent_stats: 0.

CodeHeap 'non-profiled nmethods': size=120000Kb used=5997Kb max_used=5997Kb free=114002Kb
 bounds [0x000002101cef0000, 0x000002101d4d0000, 0x0000021024420000]
CodeHeap 'profiled nmethods': size=120000Kb used=18312Kb max_used=18312Kb free=101687Kb
 bounds [0x0000021015420000, 0x0000021016610000, 0x000002101c950000]
CodeHeap 'non-nmethods': size=5760Kb used=1420Kb max_used=1476Kb free=4339Kb
 bounds [0x000002101c950000, 0x000002101cbc0000, 0x000002101cef0000]
CodeCache: size=245760Kb, used=25729Kb, max_used=25785Kb, free=220028Kb
 total_blobs=9832, nmethods=9102, adapters=637, full_count=0
Compilation: enabled, stopped_count=0, restarted_count=0

Compilation events (20 events):
Event: 7028.656 Thread 0x000002101219cd50 9862       3       java.util.logging.Logger::getLogger (7 bytes)
Event: 7028.657 Thread 0x000002101219cd50 nmethod 9862 0x00000210165fe210 code [0x00000210165fe3c0, 0x00000210165fe4e8]
Event: 7028.657 Thread 0x000002101219cd50 9863       3       java.util.logging.Logger::demandLogger (36 bytes)
Event: 7028.667 Thread 0x000002101219cd50 nmethod 9863 0x00000210165fe590 code [0x00000210165fe820, 0x00000210165ff2e0]
Event: 7390.530 Thread 0x000002101219cd50 9864   !   3       org.eclipse.osgi.container.ModuleDatabase::getTimestamp (25 bytes)
Event: 7390.619 Thread 0x000002101219cd50 nmethod 9864 0x00000210165ff710 code [0x00000210165ff960, 0x00000210166002a8]
Event: 7510.577 Thread 0x000002101219cd50 9865       3       org.eclipse.osgi.storage.Storage::isReadOnly (10 bytes)
Event: 7510.588 Thread 0x000002101219cd50 nmethod 9865 0x0000021016600710 code [0x00000210166008c0, 0x0000021016600a40]
Event: 7534.025 Thread 0x000002101219cd50 9866       3       org.eclipse.core.internal.jobs.InternalJob::internalSetState (15 bytes)
Event: 7534.027 Thread 0x000002101219cd50 nmethod 9866 0x0000021016600b10 code [0x0000021016600ca0, 0x0000021016600dc0]
Event: 7534.069 Thread 0x000002101219cd50 9867       3       org.eclipse.core.internal.utils.ObjectMap::shareStrings (69 bytes)
Event: 7534.078 Thread 0x000002101219cd50 nmethod 9867 0x0000021016600e90 code [0x00000210166010a0, 0x00000210166019c0]
Event: 7534.179 Thread 0x000002101219cd50 9868       1       org.eclipse.core.internal.jobs.InternalJob::setProgressMonitor (6 bytes)
Event: 7534.182 Thread 0x000002101219cd50 nmethod 9868 0x000002101d4cad90 code [0x000002101d4caf20, 0x000002101d4cb008]
Event: 7593.698 Thread 0x00000210121293d0 9869       4       java.lang.ref.ReferenceQueue::poll0 (65 bytes)
Event: 7593.709 Thread 0x00000210121293d0 nmethod 9869 0x000002101d4cb090 code [0x000002101d4cb220, 0x000002101d4cb348]
Event: 7690.700 Thread 0x000002101219cd50 9870   !   3       org.eclipse.osgi.internal.framework.StorageSaver$StorageSaverTask::run (31 bytes)
Event: 7690.763 Thread 0x000002101219cd50 nmethod 9870 0x0000021016601b90 code [0x0000021016601d60, 0x0000021016602000]
Event: 8434.405 Thread 0x00000210121293d0 9872       4       org.eclipse.core.runtime.Assert::isNotNull (19 bytes)
Event: 8434.419 Thread 0x00000210121293d0 nmethod 9872 0x000002101d4cb410 code [0x000002101d4cb5a0, 0x000002101d4cb628]

GC Heap History (20 events):
Event: 59.045 GC heap before
{Heap before GC invocations=201 (full 3):
 PSYoungGen      total 3072K, used 2752K [0x00000000d5580000, 0x00000000d5d80000, 0x0000000100000000)
  eden space 2560K, 100% used [0x00000000d5580000,0x00000000d5800000,0x00000000d5800000)
  from space 512K, 37% used [0x00000000d5c80000,0x00000000d5cb0000,0x00000000d5d00000)
  to   space 512K, 0% used [0x00000000d5d00000,0x00000000d5d00000,0x00000000d5d80000)
 ParOldGen       total 92160K, used 91664K [0x0000000080000000, 0x0000000085a00000, 0x00000000d5580000)
  object space 92160K, 99% used [0x0000000080000000,0x00000000859843f0,0x0000000085a00000)
 Metaspace       used 63319K, committed 64640K, reserved 1114112K
  class space    used 7382K, committed 7872K, reserved 1048576K
}
Event: 59.048 GC heap after
{Heap after GC invocations=201 (full 3):
 PSYoungGen      total 3072K, used 228K [0x00000000d5580000, 0x00000000d5d80000, 0x0000000100000000)
  eden space 2560K, 0% used [0x00000000d5580000,0x00000000d5580000,0x00000000d5800000)
  from space 512K, 44% used [0x00000000d5d00000,0x00000000d5d39010,0x00000000d5d80000)
  to   space 512K, 0% used [0x00000000d5c80000,0x00000000d5c80000,0x00000000d5d00000)
 ParOldGen       total 92160K, used 91784K [0x0000000080000000, 0x0000000085a00000, 0x00000000d5580000)
  object space 92160K, 99% used [0x0000000080000000,0x00000000859a23f0,0x0000000085a00000)
 Metaspace       used 63319K, committed 64640K, reserved 1114112K
  class space    used 7382K, committed 7872K, reserved 1048576K
}
Event: 59.139 GC heap before
{Heap before GC invocations=202 (full 3):
 PSYoungGen      total 3072K, used 2788K [0x00000000d5580000, 0x00000000d5d80000, 0x0000000100000000)
  eden space 2560K, 100% used [0x00000000d5580000,0x00000000d5800000,0x00000000d5800000)
  from space 512K, 44% used [0x00000000d5d00000,0x00000000d5d39010,0x00000000d5d80000)
  to   space 512K, 0% used [0x00000000d5c80000,0x00000000d5c80000,0x00000000d5d00000)
 ParOldGen       total 92160K, used 91784K [0x0000000080000000, 0x0000000085a00000, 0x00000000d5580000)
  object space 92160K, 99% used [0x0000000080000000,0x00000000859a23f0,0x0000000085a00000)
 Metaspace       used 63396K, committed 64640K, reserved 1114112K
  class space    used 7386K, committed 7872K, reserved 1048576K
}
Event: 59.142 GC heap after
{Heap after GC invocations=202 (full 3):
 PSYoungGen      total 3072K, used 224K [0x00000000d5580000, 0x00000000d5d80000, 0x0000000100000000)
  eden space 2560K, 0% used [0x00000000d5580000,0x00000000d5580000,0x00000000d5800000)
  from space 512K, 43% used [0x00000000d5c80000,0x00000000d5cb8000,0x00000000d5d00000)
  to   space 512K, 0% used [0x00000000d5d00000,0x00000000d5d00000,0x00000000d5d80000)
 ParOldGen       total 92160K, used 91880K [0x0000000080000000, 0x0000000085a00000, 0x00000000d5580000)
  object space 92160K, 99% used [0x0000000080000000,0x00000000859ba3f0,0x0000000085a00000)
 Metaspace       used 63396K, committed 64640K, reserved 1114112K
  class space    used 7386K, committed 7872K, reserved 1048576K
}
Event: 59.243 GC heap before
{Heap before GC invocations=203 (full 3):
 PSYoungGen      total 3072K, used 2784K [0x00000000d5580000, 0x00000000d5d80000, 0x0000000100000000)
  eden space 2560K, 100% used [0x00000000d5580000,0x00000000d5800000,0x00000000d5800000)
  from space 512K, 43% used [0x00000000d5c80000,0x00000000d5cb8000,0x00000000d5d00000)
  to   space 512K, 0% used [0x00000000d5d00000,0x00000000d5d00000,0x00000000d5d80000)
 ParOldGen       total 92160K, used 91880K [0x0000000080000000, 0x0000000085a00000, 0x00000000d5580000)
  object space 92160K, 99% used [0x0000000080000000,0x00000000859ba3f0,0x0000000085a00000)
 Metaspace       used 63424K, committed 64704K, reserved 1114112K
  class space    used 7388K, committed 7872K, reserved 1048576K
}
Event: 59.245 GC heap after
{Heap after GC invocations=203 (full 3):
 PSYoungGen      total 3072K, used 192K [0x00000000d5580000, 0x00000000d5d80000, 0x0000000100000000)
  eden space 2560K, 0% used [0x00000000d5580000,0x00000000d5580000,0x00000000d5800000)
  from space 512K, 37% used [0x00000000d5d00000,0x00000000d5d30000,0x00000000d5d80000)
  to   space 512K, 0% used [0x00000000d5c80000,0x00000000d5c80000,0x00000000d5d00000)
 ParOldGen       total 92160K, used 92016K [0x0000000080000000, 0x0000000085a00000, 0x00000000d5580000)
  object space 92160K, 99% used [0x0000000080000000,0x00000000859dc3f0,0x0000000085a00000)
 Metaspace       used 63424K, committed 64704K, reserved 1114112K
  class space    used 7388K, committed 7872K, reserved 1048576K
}
Event: 59.396 GC heap before
{Heap before GC invocations=204 (full 3):
 PSYoungGen      total 3072K, used 2752K [0x00000000d5580000, 0x00000000d5d80000, 0x0000000100000000)
  eden space 2560K, 100% used [0x00000000d5580000,0x00000000d5800000,0x00000000d5800000)
  from space 512K, 37% used [0x00000000d5d00000,0x00000000d5d30000,0x00000000d5d80000)
  to   space 512K, 0% used [0x00000000d5c80000,0x00000000d5c80000,0x00000000d5d00000)
 ParOldGen       total 92160K, used 92016K [0x0000000080000000, 0x0000000085a00000, 0x00000000d5580000)
  object space 92160K, 99% used [0x0000000080000000,0x00000000859dc3f0,0x0000000085a00000)
 Metaspace       used 63451K, committed 64704K, reserved 1114112K
  class space    used 7388K, committed 7872K, reserved 1048576K
}
Event: 59.398 GC heap after
{Heap after GC invocations=204 (full 3):
 PSYoungGen      total 3072K, used 351K [0x00000000d5580000, 0x00000000d5d80000, 0x0000000100000000)
  eden space 2560K, 0% used [0x00000000d5580000,0x00000000d5580000,0x00000000d5800000)
  from space 512K, 68% used [0x00000000d5c80000,0x00000000d5cd7c00,0x00000000d5d00000)
  to   space 512K, 0% used [0x00000000d5d00000,0x00000000d5d00000,0x00000000d5d80000)
 ParOldGen       total 92672K, used 92176K [0x0000000080000000, 0x0000000085a80000, 0x00000000d5580000)
  object space 92672K, 99% used [0x0000000080000000,0x0000000085a043f0,0x0000000085a80000)
 Metaspace       used 63451K, committed 64704K, reserved 1114112K
  class space    used 7388K, committed 7872K, reserved 1048576K
}
Event: 59.466 GC heap before
{Heap before GC invocations=205 (full 3):
 PSYoungGen      total 3072K, used 2911K [0x00000000d5580000, 0x00000000d5d80000, 0x0000000100000000)
  eden space 2560K, 100% used [0x00000000d5580000,0x00000000d5800000,0x00000000d5800000)
  from space 512K, 68% used [0x00000000d5c80000,0x00000000d5cd7c00,0x00000000d5d00000)
  to   space 512K, 0% used [0x00000000d5d00000,0x00000000d5d00000,0x00000000d5d80000)
 ParOldGen       total 92672K, used 92176K [0x0000000080000000, 0x0000000085a80000, 0x00000000d5580000)
  object space 92672K, 99% used [0x0000000080000000,0x0000000085a043f0,0x0000000085a80000)
 Metaspace       used 63459K, committed 64704K, reserved 1114112K
  class space    used 7388K, committed 7872K, reserved 1048576K
}
Event: 59.469 GC heap after
{Heap after GC invocations=205 (full 3):
 PSYoungGen      total 3072K, used 192K [0x00000000d5580000, 0x00000000d5d80000, 0x0000000100000000)
  eden space 2560K, 0% used [0x00000000d5580000,0x00000000d5580000,0x00000000d5800000)
  from space 512K, 37% used [0x00000000d5d00000,0x00000000d5d30000,0x00000000d5d80000)
  to   space 512K, 0% used [0x00000000d5c80000,0x00000000d5c80000,0x00000000d5d00000)
 ParOldGen       total 92672K, used 92417K [0x0000000080000000, 0x0000000085a80000, 0x00000000d5580000)
  object space 92672K, 99% used [0x0000000080000000,0x0000000085a40410,0x0000000085a80000)
 Metaspace       used 63459K, committed 64704K, reserved 1114112K
  class space    used 7388K, committed 7872K, reserved 1048576K
}
Event: 59.854 GC heap before
{Heap before GC invocations=206 (full 3):
 PSYoungGen      total 3072K, used 2750K [0x00000000d5580000, 0x00000000d5d80000, 0x0000000100000000)
  eden space 2560K, 99% used [0x00000000d5580000,0x00000000d57ffa50,0x00000000d5800000)
  from space 512K, 37% used [0x00000000d5d00000,0x00000000d5d30000,0x00000000d5d80000)
  to   space 512K, 0% used [0x00000000d5c80000,0x00000000d5c80000,0x00000000d5d00000)
 ParOldGen       total 92672K, used 92417K [0x0000000080000000, 0x0000000085a80000, 0x00000000d5580000)
  object space 92672K, 99% used [0x0000000080000000,0x0000000085a40410,0x0000000085a80000)
 Metaspace       used 63477K, committed 64704K, reserved 1114112K
  class space    used 7388K, committed 7872K, reserved 1048576K
}
Event: 59.856 GC heap after
{Heap after GC invocations=206 (full 3):
 PSYoungGen      total 3072K, used 224K [0x00000000d5580000, 0x00000000d5d80000, 0x0000000100000000)
  eden space 2560K, 0% used [0x00000000d5580000,0x00000000d5580000,0x00000000d5800000)
  from space 512K, 43% used [0x00000000d5c80000,0x00000000d5cb8020,0x00000000d5d00000)
  to   space 512K, 0% used [0x00000000d5d00000,0x00000000d5d00000,0x00000000d5d80000)
 ParOldGen       total 92672K, used 92553K [0x0000000080000000, 0x0000000085a80000, 0x00000000d5580000)
  object space 92672K, 99% used [0x0000000080000000,0x0000000085a62410,0x0000000085a80000)
 Metaspace       used 63477K, committed 64704K, reserved 1114112K
  class space    used 7388K, committed 7872K, reserved 1048576K
}
Event: 60.088 GC heap before
{Heap before GC invocations=207 (full 3):
 PSYoungGen      total 3072K, used 2784K [0x00000000d5580000, 0x00000000d5d80000, 0x0000000100000000)
  eden space 2560K, 100% used [0x00000000d5580000,0x00000000d5800000,0x00000000d5800000)
  from space 512K, 43% used [0x00000000d5c80000,0x00000000d5cb8020,0x00000000d5d00000)
  to   space 512K, 0% used [0x00000000d5d00000,0x00000000d5d00000,0x00000000d5d80000)
 ParOldGen       total 92672K, used 92553K [0x0000000080000000, 0x0000000085a80000, 0x00000000d5580000)
  object space 92672K, 99% used [0x0000000080000000,0x0000000085a62410,0x0000000085a80000)
 Metaspace       used 63491K, committed 64768K, reserved 1114112K
  class space    used 7388K, committed 7872K, reserved 1048576K
}
Event: 60.090 GC heap after
{Heap after GC invocations=207 (full 3):
 PSYoungGen      total 3072K, used 128K [0x00000000d5580000, 0x00000000d5d80000, 0x0000000100000000)
  eden space 2560K, 0% used [0x00000000d5580000,0x00000000d5580000,0x00000000d5800000)
  from space 512K, 25% used [0x00000000d5d00000,0x00000000d5d20000,0x00000000d5d80000)
  to   space 512K, 0% used [0x00000000d5c80000,0x00000000d5c80000,0x00000000d5d00000)
 ParOldGen       total 93184K, used 92713K [0x0000000080000000, 0x0000000085b00000, 0x00000000d5580000)
  object space 93184K, 99% used [0x0000000080000000,0x0000000085a8a460,0x0000000085b00000)
 Metaspace       used 63491K, committed 64768K, reserved 1114112K
  class space    used 7388K, committed 7872K, reserved 1048576K
}
Event: 332.736 GC heap before
{Heap before GC invocations=208 (full 3):
 PSYoungGen      total 3072K, used 2688K [0x00000000d5580000, 0x00000000d5d80000, 0x0000000100000000)
  eden space 2560K, 100% used [0x00000000d5580000,0x00000000d5800000,0x00000000d5800000)
  from space 512K, 25% used [0x00000000d5d00000,0x00000000d5d20000,0x00000000d5d80000)
  to   space 512K, 0% used [0x00000000d5c80000,0x00000000d5c80000,0x00000000d5d00000)
 ParOldGen       total 93184K, used 92713K [0x0000000080000000, 0x0000000085b00000, 0x00000000d5580000)
  object space 93184K, 99% used [0x0000000080000000,0x0000000085a8a460,0x0000000085b00000)
 Metaspace       used 63554K, committed 64832K, reserved 1114112K
  class space    used 7394K, committed 7872K, reserved 1048576K
}
Event: 332.768 GC heap after
{Heap after GC invocations=208 (full 3):
 PSYoungGen      total 3072K, used 336K [0x00000000d5580000, 0x00000000d5d80000, 0x0000000100000000)
  eden space 2560K, 0% used [0x00000000d5580000,0x00000000d5580000,0x00000000d5800000)
  from space 512K, 65% used [0x00000000d5c80000,0x00000000d5cd4020,0x00000000d5d00000)
  to   space 512K, 0% used [0x00000000d5d00000,0x00000000d5d00000,0x00000000d5d80000)
 ParOldGen       total 93184K, used 92737K [0x0000000080000000, 0x0000000085b00000, 0x00000000d5580000)
  object space 93184K, 99% used [0x0000000080000000,0x0000000085a90460,0x0000000085b00000)
 Metaspace       used 63554K, committed 64832K, reserved 1114112K
  class space    used 7394K, committed 7872K, reserved 1048576K
}
Event: 3676.841 GC heap before
{Heap before GC invocations=209 (full 3):
 PSYoungGen      total 3072K, used 2896K [0x00000000d5580000, 0x00000000d5d80000, 0x0000000100000000)
  eden space 2560K, 99% used [0x00000000d5580000,0x00000000d57ffff0,0x00000000d5800000)
  from space 512K, 65% used [0x00000000d5c80000,0x00000000d5cd4020,0x00000000d5d00000)
  to   space 512K, 0% used [0x00000000d5d00000,0x00000000d5d00000,0x00000000d5d80000)
 ParOldGen       total 93184K, used 92737K [0x0000000080000000, 0x0000000085b00000, 0x00000000d5580000)
  object space 93184K, 99% used [0x0000000080000000,0x0000000085a90460,0x0000000085b00000)
 Metaspace       used 63598K, committed 64832K, reserved 1114112K
  class space    used 7394K, committed 7872K, reserved 1048576K
}
Event: 3676.944 GC heap after
{Heap after GC invocations=209 (full 3):
 PSYoungGen      total 3072K, used 128K [0x00000000d5580000, 0x00000000d5d80000, 0x0000000100000000)
  eden space 2560K, 0% used [0x00000000d5580000,0x00000000d5580000,0x00000000d5800000)
  from space 512K, 25% used [0x00000000d5d00000,0x00000000d5d20000,0x00000000d5d80000)
  to   space 512K, 0% used [0x00000000d5c80000,0x00000000d5c80000,0x00000000d5d00000)
 ParOldGen       total 93184K, used 92889K [0x0000000080000000, 0x0000000085b00000, 0x00000000d5580000)
  object space 93184K, 99% used [0x0000000080000000,0x0000000085ab6480,0x0000000085b00000)
 Metaspace       used 63598K, committed 64832K, reserved 1114112K
  class space    used 7394K, committed 7872K, reserved 1048576K
}
Event: 7534.121 GC heap before
{Heap before GC invocations=210 (full 3):
 PSYoungGen      total 3072K, used 2688K [0x00000000d5580000, 0x00000000d5d80000, 0x0000000100000000)
  eden space 2560K, 100% used [0x00000000d5580000,0x00000000d5800000,0x00000000d5800000)
  from space 512K, 25% used [0x00000000d5d00000,0x00000000d5d20000,0x00000000d5d80000)
  to   space 512K, 0% used [0x00000000d5c80000,0x00000000d5c80000,0x00000000d5d00000)
 ParOldGen       total 93184K, used 92889K [0x0000000080000000, 0x0000000085b00000, 0x00000000d5580000)
  object space 93184K, 99% used [0x0000000080000000,0x0000000085ab6480,0x0000000085b00000)
 Metaspace       used 63643K, committed 64896K, reserved 1114112K
  class space    used 7394K, committed 7872K, reserved 1048576K
}
Event: 7534.173 GC heap after
{Heap after GC invocations=210 (full 3):
 PSYoungGen      total 3072K, used 256K [0x00000000d5580000, 0x00000000d5d80000, 0x0000000100000000)
  eden space 2560K, 0% used [0x00000000d5580000,0x00000000d5580000,0x00000000d5800000)
  from space 512K, 50% used [0x00000000d5c80000,0x00000000d5cc0010,0x00000000d5d00000)
  to   space 512K, 0% used [0x00000000d5d00000,0x00000000d5d00000,0x00000000d5d80000)
 ParOldGen       total 93184K, used 92921K [0x0000000080000000, 0x0000000085b00000, 0x00000000d5580000)
  object space 93184K, 99% used [0x0000000080000000,0x0000000085abe480,0x0000000085b00000)
 Metaspace       used 63643K, committed 64896K, reserved 1114112K
  class space    used 7394K, committed 7872K, reserved 1048576K
}

Dll operation events (15 events):
Event: 0.023 Loaded shared library c:\Users\USER\.vscode\extensions\redhat.java-1.47.0-win32-x64\jre\21.0.8-win32-x86_64\bin\java.dll
Event: 1.170 Loaded shared library c:\Users\USER\.vscode\extensions\redhat.java-1.47.0-win32-x64\jre\21.0.8-win32-x86_64\bin\zip.dll
Event: 1.478 Loaded shared library C:\Users\USER\.vscode\extensions\redhat.java-1.47.0-win32-x64\jre\21.0.8-win32-x86_64\bin\instrument.dll
Event: 1.560 Loaded shared library C:\Users\USER\.vscode\extensions\redhat.java-1.47.0-win32-x64\jre\21.0.8-win32-x86_64\bin\net.dll
Event: 1.568 Loaded shared library C:\Users\USER\.vscode\extensions\redhat.java-1.47.0-win32-x64\jre\21.0.8-win32-x86_64\bin\nio.dll
Event: 1.581 Loaded shared library C:\Users\USER\.vscode\extensions\redhat.java-1.47.0-win32-x64\jre\21.0.8-win32-x86_64\bin\zip.dll
Event: 1.670 Loaded shared library C:\Users\USER\.vscode\extensions\redhat.java-1.47.0-win32-x64\jre\21.0.8-win32-x86_64\bin\jimage.dll
Event: 2.239 Loaded shared library c:\Users\USER\.vscode\extensions\redhat.java-1.47.0-win32-x64\jre\21.0.8-win32-x86_64\bin\verify.dll
Event: 17.398 Loaded shared library C:\Users\USER\AppData\Roaming\Code\User\globalStorage\redhat.java\1.47.0\config_win\org.eclipse.equinox.launcher\org.eclipse.equinox.launcher.win32.win32.x86_64_1.2.1400.v20250801-0854\eclipse_11916.dll
Event: 31.440 Loaded shared library C:\Users\USER\AppData\Local\Temp\jna-2614219\jna14461327794797123949.dll
Event: 46.039 Loaded shared library C:\Users\USER\.gradle\native\1def1411415f61bf3af743bc5b6707747c0891f09f0c88961ee8f79bc544acac\windows-amd64\native-platform.dll
Event: 49.087 Loaded shared library C:\Users\USER\.vscode\extensions\redhat.java-1.47.0-win32-x64\jre\21.0.8-win32-x86_64\bin\management.dll
Event: 49.095 Loaded shared library C:\Users\USER\.vscode\extensions\redhat.java-1.47.0-win32-x64\jre\21.0.8-win32-x86_64\bin\management_ext.dll
Event: 50.268 Loaded shared library C:\Users\USER\.vscode\extensions\redhat.java-1.47.0-win32-x64\jre\21.0.8-win32-x86_64\bin\sunmscapi.dll
Event: 50.903 Loaded shared library C:\Users\USER\.vscode\extensions\redhat.java-1.47.0-win32-x64\jre\21.0.8-win32-x86_64\bin\extnet.dll

Deoptimization events (20 events):
Event: 61.333 Thread 0x00000210707cdbf0 DEOPT PACKING pc=0x000002101cfbe180 sp=0x000000589a8fe800
Event: 61.333 Thread 0x00000210707cdbf0 DEOPT UNPACKING pc=0x000002101c9a3a9c sp=0x000000589a8fe7a8 mode 2
Event: 1232.860 Thread 0x00000210707cbb20 Uncommon trap: trap_request=0xffffff45 fr.pc=0x000002101d4a53ac relative=0x00000000000020ac
Event: 1232.861 Thread 0x00000210707cbb20 Uncommon trap: reason=unstable_if action=reinterpret pc=0x000002101d4a53ac method=org.eclipse.core.internal.utils.StringPool.add(Ljava/lang/String;)Ljava/lang/String; @ 1 c2
Event: 1232.861 Thread 0x00000210707cbb20 DEOPT PACKING pc=0x000002101d4a53ac sp=0x000000589a6fee70
Event: 1232.864 Thread 0x00000210707cbb20 DEOPT UNPACKING pc=0x000002101c9a3a9c sp=0x000000589a6feda8 mode 2
Event: 1232.890 Thread 0x00000210707cbb20 Uncommon trap: trap_request=0xffffff45 fr.pc=0x000002101d4a1174 relative=0x0000000000001974
Event: 1232.890 Thread 0x00000210707cbb20 Uncommon trap: reason=unstable_if action=reinterpret pc=0x000002101d4a1174 method=org.eclipse.core.internal.utils.StringPool.add(Ljava/lang/String;)Ljava/lang/String; @ 1 c2
Event: 1232.890 Thread 0x00000210707cbb20 DEOPT PACKING pc=0x000002101d4a1174 sp=0x000000589a6fee00
Event: 1232.892 Thread 0x00000210707cbb20 DEOPT UNPACKING pc=0x000002101c9a3a9c sp=0x000000589a6feda8 mode 2
Event: 1232.893 Thread 0x00000210707cbb20 Uncommon trap: trap_request=0xffffff45 fr.pc=0x000002101d49c214 relative=0x0000000000000934
Event: 1232.893 Thread 0x00000210707cbb20 Uncommon trap: reason=unstable_if action=reinterpret pc=0x000002101d49c214 method=org.eclipse.core.internal.utils.StringPool.add(Ljava/lang/String;)Ljava/lang/String; @ 1 c2
Event: 1232.893 Thread 0x00000210707cbb20 DEOPT PACKING pc=0x000002101d49c214 sp=0x000000589a6fedd0
Event: 1232.893 Thread 0x00000210707cbb20 DEOPT UNPACKING pc=0x000002101c9a3a9c sp=0x000000589a6feda8 mode 2
Event: 2757.252 Thread 0x0000021071286a20 Uncommon trap: trap_request=0xffffffcc fr.pc=0x000002101d4c285c relative=0x000000000000021c
Event: 2757.252 Thread 0x0000021071286a20 Uncommon trap: reason=intrinsic_or_type_checked_inlining action=make_not_entrant pc=0x000002101d4c285c method=java.util.ArrayList.toArray([Ljava/lang/Object;)[Ljava/lang/Object; @ 36 c2
Event: 2757.252 Thread 0x0000021071286a20 DEOPT PACKING pc=0x000002101d4c285c sp=0x000000589b4feae0
Event: 2757.255 Thread 0x0000021071286a20 DEOPT UNPACKING pc=0x000002101c9a3a9c sp=0x000000589b4fea80 mode 2
Event: 3933.291 Thread 0x00000210707cdbf0 DEOPT PACKING pc=0x00000210165b952b sp=0x000000589a8feaf0
Event: 3933.296 Thread 0x00000210707cdbf0 DEOPT UNPACKING pc=0x000002101c9a4223 sp=0x000000589a8fdf60 mode 0

Classes loaded (20 events):
Event: 58.043 Loading class java/lang/invoke/MethodHandleImpl$CountingWrapper$1
Event: 58.043 Loading class java/lang/invoke/MethodHandleImpl$CountingWrapper$1 done
Event: 58.507 Loading class java/util/stream/DistinctOps
Event: 58.507 Loading class java/util/stream/DistinctOps done
Event: 58.507 Loading class java/util/stream/DistinctOps$1
Event: 58.508 Loading class java/util/stream/DistinctOps$1 done
Event: 58.513 Loading class java/util/stream/DistinctOps$1$2
Event: 58.514 Loading class java/util/stream/DistinctOps$1$2 done
Event: 58.680 Loading class java/util/ArrayDeque$DeqSpliterator
Event: 58.684 Loading class java/util/ArrayDeque$DeqSpliterator done
Event: 58.736 Loading class sun/net/www/http/ChunkedInputStream
Event: 58.737 Loading class sun/net/www/http/ChunkedInputStream done
Event: 58.737 Loading class sun/net/www/protocol/http/HttpURLConnection$HttpInputStream
Event: 58.738 Loading class sun/net/www/protocol/http/HttpURLConnection$HttpInputStream done
Event: 58.742 Loading class java/lang/Throwable$WrappedPrintWriter
Event: 58.742 Loading class java/lang/Throwable$PrintStreamOrWriter
Event: 58.742 Loading class java/lang/Throwable$PrintStreamOrWriter done
Event: 58.742 Loading class java/lang/Throwable$WrappedPrintWriter done
Event: 61.334 Loading class java/security/DigestInputStream
Event: 61.334 Loading class java/security/DigestInputStream done

Classes unloaded (19 events):
Event: 33.502 Thread 0x000002101211f6d0 Unloading class 0x000002102a1a9400 'java/lang/invoke/LambdaForm$MH+0x000002102a1a9400'
Event: 33.502 Thread 0x000002101211f6d0 Unloading class 0x000002102a1a9000 'java/lang/invoke/LambdaForm$MH+0x000002102a1a9000'
Event: 33.502 Thread 0x000002101211f6d0 Unloading class 0x000002102a1a8c00 'java/lang/invoke/LambdaForm$MH+0x000002102a1a8c00'
Event: 33.502 Thread 0x000002101211f6d0 Unloading class 0x000002102a1a8800 'java/lang/invoke/LambdaForm$MH+0x000002102a1a8800'
Event: 33.502 Thread 0x000002101211f6d0 Unloading class 0x000002102a1a8400 'java/lang/invoke/LambdaForm$BMH+0x000002102a1a8400'
Event: 33.502 Thread 0x000002101211f6d0 Unloading class 0x000002102a1a8000 'java/lang/invoke/LambdaForm$DMH+0x000002102a1a8000'
Event: 33.502 Thread 0x000002101211f6d0 Unloading class 0x000002102a1a6c00 'java/lang/invoke/LambdaForm$DMH+0x000002102a1a6c00'
Event: 35.880 Thread 0x000002101211f6d0 Unloading class 0x000002102a308000 'java/lang/invoke/LambdaForm$MH+0x000002102a308000'
Event: 35.880 Thread 0x000002101211f6d0 Unloading class 0x000002102a307400 'java/lang/invoke/LambdaForm$MH+0x000002102a307400'
Event: 35.880 Thread 0x000002101211f6d0 Unloading class 0x000002102a306c00 'java/lang/invoke/LambdaForm$MH+0x000002102a306c00'
Event: 35.880 Thread 0x000002101211f6d0 Unloading class 0x000002102a306400 'java/lang/invoke/LambdaForm$MH+0x000002102a306400'
Event: 35.880 Thread 0x000002101211f6d0 Unloading class 0x000002102a306000 'java/lang/invoke/LambdaForm$DMH+0x000002102a306000'
Event: 35.880 Thread 0x000002101211f6d0 Unloading class 0x000002102a305400 'java/lang/invoke/LambdaForm$MH+0x000002102a305400'
Event: 35.880 Thread 0x000002101211f6d0 Unloading class 0x000002102a301000 'java/lang/invoke/LambdaForm$MH+0x000002102a301000'
Event: 35.880 Thread 0x000002101211f6d0 Unloading class 0x000002102a300800 'java/lang/invoke/LambdaForm$MH+0x000002102a300800'
Event: 35.880 Thread 0x000002101211f6d0 Unloading class 0x000002102a300000 'java/lang/invoke/LambdaForm$MH+0x000002102a300000'
Event: 35.880 Thread 0x000002101211f6d0 Unloading class 0x000002102a2fb800 'java/lang/invoke/LambdaForm$MH+0x000002102a2fb800'
Event: 35.880 Thread 0x000002101211f6d0 Unloading class 0x000002102a2fb400 'java/lang/invoke/LambdaForm$MH+0x000002102a2fb400'
Event: 35.880 Thread 0x000002101211f6d0 Unloading class 0x000002102a2fac00 'java/lang/invoke/LambdaForm$DMH+0x000002102a2fac00'

Classes redefined (0 events):
No events

Internal exceptions (20 events):
Event: 60.316 Thread 0x00000210712870b0 Exception <a 'sun/nio/fs/WindowsException'{0x00000000d5635e70}> (0x00000000d5635e70) 
thrown [s\src\hotspot\share\prims\jni.cpp, line 520]
Event: 60.316 Thread 0x00000210712870b0 Exception <a 'sun/nio/fs/WindowsException'{0x00000000d5636750}> (0x00000000d5636750) 
thrown [s\src\hotspot\share\prims\jni.cpp, line 520]
Event: 60.317 Thread 0x00000210712870b0 Exception <a 'sun/nio/fs/WindowsException'{0x00000000d5637bf8}> (0x00000000d5637bf8) 
thrown [s\src\hotspot\share\prims\jni.cpp, line 520]
Event: 60.317 Thread 0x00000210712870b0 Exception <a 'sun/nio/fs/WindowsException'{0x00000000d56385c0}> (0x00000000d56385c0) 
thrown [s\src\hotspot\share\prims\jni.cpp, line 520]
Event: 60.317 Thread 0x00000210712870b0 Exception <a 'sun/nio/fs/WindowsException'{0x00000000d5639950}> (0x00000000d5639950) 
thrown [s\src\hotspot\share\prims\jni.cpp, line 520]
Event: 60.318 Thread 0x00000210712870b0 Exception <a 'sun/nio/fs/WindowsException'{0x00000000d563a318}> (0x00000000d563a318) 
thrown [s\src\hotspot\share\prims\jni.cpp, line 520]
Event: 60.319 Thread 0x00000210712870b0 Exception <a 'sun/nio/fs/WindowsException'{0x00000000d563bb18}> (0x00000000d563bb18) 
thrown [s\src\hotspot\share\prims\jni.cpp, line 520]
Event: 60.319 Thread 0x00000210712870b0 Exception <a 'sun/nio/fs/WindowsException'{0x00000000d563c3f8}> (0x00000000d563c3f8) 
thrown [s\src\hotspot\share\prims\jni.cpp, line 520]
Event: 60.320 Thread 0x00000210712870b0 Exception <a 'sun/nio/fs/WindowsException'{0x00000000d563d640}> (0x00000000d563d640) 
thrown [s\src\hotspot\share\prims\jni.cpp, line 520]
Event: 60.320 Thread 0x00000210712870b0 Exception <a 'sun/nio/fs/WindowsException'{0x00000000d563e328}> (0x00000000d563e328) 
thrown [s\src\hotspot\share\prims\jni.cpp, line 520]
Event: 60.321 Thread 0x00000210712870b0 Exception <a 'sun/nio/fs/WindowsException'{0x00000000d563f6b8}> (0x00000000d563f6b8) 
thrown [s\src\hotspot\share\prims\jni.cpp, line 520]
Event: 60.321 Thread 0x00000210712870b0 Exception <a 'sun/nio/fs/WindowsException'{0x00000000d5640080}> (0x00000000d5640080) 
thrown [s\src\hotspot\share\prims\jni.cpp, line 520]
Event: 60.324 Thread 0x00000210712870b0 Exception <a 'sun/nio/fs/WindowsException'{0x00000000d5642958}> (0x00000000d5642958) 
thrown [s\src\hotspot\share\prims\jni.cpp, line 520]
Event: 60.324 Thread 0x00000210712870b0 Exception <a 'sun/nio/fs/WindowsException'{0x00000000d5643238}> (0x00000000d5643238) 
thrown [s\src\hotspot\share\prims\jni.cpp, line 520]
Event: 60.324 Thread 0x00000210712870b0 Exception <a 'sun/nio/fs/WindowsException'{0x00000000d5644480}> (0x00000000d5644480) 
thrown [s\src\hotspot\share\prims\jni.cpp, line 520]
Event: 60.324 Thread 0x00000210712870b0 Exception <a 'sun/nio/fs/WindowsException'{0x00000000d56450b8}> (0x00000000d56450b8) 
thrown [s\src\hotspot\share\prims\jni.cpp, line 520]
Event: 1232.859 Thread 0x00000210707cbb20 Implicit null exception at 0x000002101d4a3350 to 0x000002101d4a5390
Event: 1232.890 Thread 0x00000210707cbb20 Implicit null exception at 0x000002101d49f84e to 0x000002101d4a1160
Event: 1232.893 Thread 0x00000210707cbb20 Implicit null exception at 0x000002101d49b923 to 0x000002101d49c204
Event: 4618.262 Thread 0x0000021071283c30 Exception <a 'java/lang/IncompatibleClassChangeError'{0x00000000d56685e8}: Found class java.lang.Object, but interface was expected> (0x00000000d56685e8) 
thrown [s\src\hotspot\share\interpreter\linkResolver.cpp, line 840]

ZGC Phase Switch (0 events):
No events

VM Operations (20 events):
Event: 8418.980 Executing VM operation: HandshakeAllThreads (HandshakeForDeflation)
Event: 8418.980 Executing VM operation: HandshakeAllThreads (HandshakeForDeflation) done
Event: 8418.980 Executing VM operation: RendezvousGCThreads
Event: 8418.980 Executing VM operation: RendezvousGCThreads done
Event: 8479.096 Executing VM operation: HandshakeAllThreads (HandshakeForDeflation)
Event: 8479.097 Executing VM operation: HandshakeAllThreads (HandshakeForDeflation) done
Event: 8479.097 Executing VM operation: RendezvousGCThreads
Event: 8479.097 Executing VM operation: RendezvousGCThreads done
Event: 8539.250 Executing VM operation: HandshakeAllThreads (HandshakeForDeflation)
Event: 8539.250 Executing VM operation: HandshakeAllThreads (HandshakeForDeflation) done
Event: 8539.251 Executing VM operation: RendezvousGCThreads
Event: 8539.251 Executing VM operation: RendezvousGCThreads done
Event: 8719.416 Executing VM operation: HandshakeAllThreads (HandshakeForDeflation)
Event: 8719.420 Executing VM operation: HandshakeAllThreads (HandshakeForDeflation) done
Event: 8719.420 Executing VM operation: RendezvousGCThreads
Event: 8719.420 Executing VM operation: RendezvousGCThreads done
Event: 8779.673 Executing VM operation: HandshakeAllThreads (HandshakeForDeflation)
Event: 8779.679 Executing VM operation: HandshakeAllThreads (HandshakeForDeflation) done
Event: 8779.679 Executing VM operation: RendezvousGCThreads
Event: 8779.679 Executing VM operation: RendezvousGCThreads done

Memory protections (0 events):
No events

Nmethod flushes (20 events):
Event: 51.711 Thread 0x000002101211f6d0 flushing  nmethod 0x0000021015d3ed10
Event: 51.711 Thread 0x000002101211f6d0 flushing  nmethod 0x0000021015d3fc10
Event: 51.711 Thread 0x000002101211f6d0 flushing  nmethod 0x0000021015d41010
Event: 51.711 Thread 0x000002101211f6d0 flushing  nmethod 0x0000021015d41390
Event: 51.711 Thread 0x000002101211f6d0 flushing  nmethod 0x0000021015d41890
Event: 51.711 Thread 0x000002101211f6d0 flushing  nmethod 0x0000021015d44090
Event: 51.711 Thread 0x000002101211f6d0 flushing  nmethod 0x0000021015d44890
Event: 51.711 Thread 0x000002101211f6d0 flushing  nmethod 0x0000021015d5fb90
Event: 51.711 Thread 0x000002101211f6d0 flushing  nmethod 0x0000021015d60610
Event: 51.711 Thread 0x000002101211f6d0 flushing  nmethod 0x0000021015d7e390
Event: 51.711 Thread 0x000002101211f6d0 flushing  nmethod 0x0000021015d87c90
Event: 51.711 Thread 0x000002101211f6d0 flushing  nmethod 0x0000021015d8a510
Event: 51.711 Thread 0x000002101211f6d0 flushing  nmethod 0x0000021015d8ab10
Event: 51.711 Thread 0x000002101211f6d0 flushing  nmethod 0x0000021015dc1d90
Event: 51.711 Thread 0x000002101211f6d0 flushing  nmethod 0x0000021015dc2190
Event: 51.711 Thread 0x000002101211f6d0 flushing  nmethod 0x0000021015dc2c10
Event: 51.711 Thread 0x000002101211f6d0 flushing  nmethod 0x0000021015dc3b10
Event: 51.711 Thread 0x000002101211f6d0 flushing  nmethod 0x0000021015dc3f10
Event: 51.711 Thread 0x000002101211f6d0 flushing  nmethod 0x0000021015dc4810
Event: 51.711 Thread 0x000002101211f6d0 flushing  nmethod 0x0000021015dc5590

Events (20 events):
Event: 54.870 Thread 0x0000021071288af0 Thread exited: 0x0000021071288af0
Event: 56.004 Thread 0x00000210121293d0 Thread added: 0x000002106ab583f0
Event: 57.590 Thread 0x00000210707cdbf0 Thread added: 0x0000021071289ea0
Event: 57.641 Thread 0x0000021071289ea0 Thread exited: 0x0000021071289ea0
Event: 59.812 Thread 0x000002106ab583f0 Thread exited: 0x000002106ab583f0
Event: 59.845 Thread 0x00000210707cdbf0 Thread added: 0x0000021071288af0
Event: 59.849 Thread 0x0000021071288af0 Thread exited: 0x0000021071288af0
Event: 59.898 Thread 0x000002101219cd50 Thread added: 0x000002106ab583f0
Event: 60.439 Thread 0x00000210707cdbf0 Thread added: 0x0000021071288af0
Event: 60.442 Thread 0x0000021071288af0 Thread exited: 0x0000021071288af0
Event: 61.329 Thread 0x000002106ab583f0 Thread exited: 0x000002106ab583f0
Event: 120.334 Thread 0x00000210712870b0 Thread exited: 0x00000210712870b0
Event: 120.429 Thread 0x00000210707cb490 Thread exited: 0x00000210707cb490
Event: 120.445 Thread 0x00000210707cae00 Thread exited: 0x00000210707cae00
Event: 120.495 Thread 0x00000210707ca770 Thread exited: 0x00000210707ca770
Event: 120.495 Thread 0x00000210707cced0 Thread exited: 0x00000210707cced0
Event: 180.349 Thread 0x0000021071287740 Thread exited: 0x0000021071287740
Event: 240.353 Thread 0x00000210712842c0 Thread exited: 0x00000210712842c0
Event: 332.780 Thread 0x00000210121293d0 Thread added: 0x000002107435e8c0
Event: 337.885 Thread 0x000002107435e8c0 Thread exited: 0x000002107435e8c0


Dynamic libraries:
0x00007ff6a9010000 - 0x00007ff6a901e000 	c:\Users\USER\.vscode\extensions\redhat.java-1.47.0-win32-x64\jre\21.0.8-win32-x86_64\bin\java.exe
0x00007ffc3c8a0000 - 0x00007ffc3cb08000 	C:\WINDOWS\SYSTEM32\ntdll.dll
0x00007ffc3a9f0000 - 0x00007ffc3aab9000 	C:\WINDOWS\System32\KERNEL32.DLL
0x00007ffc39f10000 - 0x00007ffc3a302000 	C:\WINDOWS\System32\KERNELBASE.dll
0x00007ffc3a3d0000 - 0x00007ffc3a51b000 	C:\WINDOWS\System32\ucrtbase.dll
0x00007ffc1fdb0000 - 0x00007ffc1fdc8000 	c:\Users\USER\.vscode\extensions\redhat.java-1.47.0-win32-x64\jre\21.0.8-win32-x86_64\bin\jli.dll
0x00007ffc3bba0000 - 0x00007ffc3bd65000 	C:\WINDOWS\System32\USER32.dll
0x00007ffc39a30000 - 0x00007ffc39a57000 	C:\WINDOWS\System32\win32u.dll
0x00007ffc3a9c0000 - 0x00007ffc3a9eb000 	C:\WINDOWS\System32\GDI32.dll
0x00007ffc39de0000 - 0x00007ffc39f0d000 	C:\WINDOWS\System32\gdi32full.dll
0x00007ffc3a5c0000 - 0x00007ffc3a663000 	C:\WINDOWS\System32\msvcp_win.dll
0x00007ffc1fd70000 - 0x00007ffc1fd8e000 	c:\Users\USER\.vscode\extensions\redhat.java-1.47.0-win32-x64\jre\21.0.8-win32-x86_64\bin\VCRUNTIME140.dll
0x00007ffc258e0000 - 0x00007ffc25b73000 	C:\WINDOWS\WinSxS\amd64_microsoft.windows.common-controls_6595b64144ccf1df_6.0.26100.6899_none_3e0efeeae32e88c1\COMCTL32.dll
0x00007ffc3c640000 - 0x00007ffc3c6e9000 	C:\WINDOWS\System32\msvcrt.dll
0x00007ffc3b110000 - 0x00007ffc3b13f000 	C:\WINDOWS\System32\IMM32.DLL
0x00007ffc22b70000 - 0x00007ffc22b7c000 	c:\Users\USER\.vscode\extensions\redhat.java-1.47.0-win32-x64\jre\21.0.8-win32-x86_64\bin\vcruntime140_1.dll
0x00007ffbdb7f0000 - 0x00007ffbdb87d000 	c:\Users\USER\.vscode\extensions\redhat.java-1.47.0-win32-x64\jre\21.0.8-win32-x86_64\bin\msvcp140.dll
0x00007ffba5c40000 - 0x00007ffba69d7000 	c:\Users\USER\.vscode\extensions\redhat.java-1.47.0-win32-x64\jre\21.0.8-win32-x86_64\bin\server\jvm.dll
0x00007ffc3b550000 - 0x00007ffc3b604000 	C:\WINDOWS\System32\ADVAPI32.dll
0x00007ffc3b4a0000 - 0x00007ffc3b546000 	C:\WINDOWS\System32\sechost.dll
0x00007ffc3c740000 - 0x00007ffc3c858000 	C:\WINDOWS\System32\RPCRT4.dll
0x00007ffc3a8d0000 - 0x00007ffc3a944000 	C:\WINDOWS\System32\WS2_32.dll
0x00007ffc39890000 - 0x00007ffc398ee000 	C:\WINDOWS\SYSTEM32\POWRPROF.dll
0x00007ffc24250000 - 0x00007ffc24285000 	C:\WINDOWS\SYSTEM32\WINMM.dll
0x00007ffc2dd60000 - 0x00007ffc2dd6b000 	C:\WINDOWS\SYSTEM32\VERSION.dll
0x00007ffc39870000 - 0x00007ffc39884000 	C:\WINDOWS\SYSTEM32\UMPDC.dll
0x00007ffc38800000 - 0x00007ffc3881b000 	C:\WINDOWS\SYSTEM32\kernel.appcore.dll
0x00007ffc20170000 - 0x00007ffc2017a000 	c:\Users\USER\.vscode\extensions\redhat.java-1.47.0-win32-x64\jre\21.0.8-win32-x86_64\bin\jimage.dll
0x00007ffc372e0000 - 0x00007ffc37522000 	C:\WINDOWS\SYSTEM32\DBGHELP.DLL
0x00007ffc3b790000 - 0x00007ffc3bb0b000 	C:\WINDOWS\System32\combase.dll
0x00007ffc3b3c0000 - 0x00007ffc3b497000 	C:\WINDOWS\System32\OLEAUT32.dll
0x00007ffc1d500000 - 0x00007ffc1d53c000 	C:\WINDOWS\SYSTEM32\dbgcore.DLL
0x00007ffc3a520000 - 0x00007ffc3a5b8000 	C:\WINDOWS\System32\bcryptPrimitives.dll
0x00007ffc03310000 - 0x00007ffc0331f000 	c:\Users\USER\.vscode\extensions\redhat.java-1.47.0-win32-x64\jre\21.0.8-win32-x86_64\bin\instrument.dll
0x00007ffc1fe00000 - 0x00007ffc1fe1f000 	c:\Users\USER\.vscode\extensions\redhat.java-1.47.0-win32-x64\jre\21.0.8-win32-x86_64\bin\java.dll
0x00007ffc3bee0000 - 0x00007ffc3c62d000 	C:\WINDOWS\System32\SHELL32.dll
0x00007ffc39c70000 - 0x00007ffc39ddb000 	C:\WINDOWS\System32\wintypes.dll
0x00007ffc376c0000 - 0x00007ffc37f1d000 	C:\WINDOWS\SYSTEM32\windows.storage.dll
0x00007ffc3ab80000 - 0x00007ffc3ac72000 	C:\WINDOWS\System32\SHCORE.dll
0x00007ffc3a950000 - 0x00007ffc3a9b2000 	C:\WINDOWS\System32\shlwapi.dll
0x00007ffc39950000 - 0x00007ffc39979000 	C:\WINDOWS\SYSTEM32\profapi.dll
0x00007ffc0d470000 - 0x00007ffc0d488000 	c:\Users\USER\.vscode\extensions\redhat.java-1.47.0-win32-x64\jre\21.0.8-win32-x86_64\bin\zip.dll
0x00007ffc20130000 - 0x00007ffc20140000 	C:\Users\USER\.vscode\extensions\redhat.java-1.47.0-win32-x64\jre\21.0.8-win32-x86_64\bin\net.dll
0x00007ffc2d1b0000 - 0x00007ffc2d2cf000 	C:\WINDOWS\SYSTEM32\WINHTTP.dll
0x00007ffc38d70000 - 0x00007ffc38ddb000 	C:\WINDOWS\system32\mswsock.dll
0x00007ffc093b0000 - 0x00007ffc093c6000 	C:\Users\USER\.vscode\extensions\redhat.java-1.47.0-win32-x64\jre\21.0.8-win32-x86_64\bin\nio.dll
0x00007ffc03300000 - 0x00007ffc03310000 	c:\Users\USER\.vscode\extensions\redhat.java-1.47.0-win32-x64\jre\21.0.8-win32-x86_64\bin\verify.dll
0x00007ffc02eb0000 - 0x00007ffc02ef4000 	C:\Users\USER\AppData\Roaming\Code\User\globalStorage\redhat.java\1.47.0\config_win\org.eclipse.equinox.launcher\org.eclipse.equinox.launcher.win32.win32.x86_64_1.2.1400.v20250801-0854\eclipse_11916.dll
0x00007ffc3a670000 - 0x00007ffc3a808000 	C:\WINDOWS\System32\ole32.dll
0x00007ffc39020000 - 0x00007ffc3903b000 	C:\WINDOWS\SYSTEM32\CRYPTSP.dll
0x00007ffc38760000 - 0x00007ffc3879b000 	C:\WINDOWS\system32\rsaenh.dll
0x00007ffc38e10000 - 0x00007ffc38e3b000 	C:\WINDOWS\SYSTEM32\USERENV.dll
0x00007ffc39920000 - 0x00007ffc39946000 	C:\WINDOWS\SYSTEM32\bcrypt.dll
0x00007ffc39040000 - 0x00007ffc3904c000 	C:\WINDOWS\SYSTEM32\CRYPTBASE.dll
0x00007ffc382d0000 - 0x00007ffc38304000 	C:\WINDOWS\SYSTEM32\IPHLPAPI.DLL
0x00007ffc3bd70000 - 0x00007ffc3bd7a000 	C:\WINDOWS\System32\NSI.dll
0x00007ffbdcbd0000 - 0x00007ffbdcc19000 	C:\Users\USER\AppData\Local\Temp\jna-2614219\jna14461327794797123949.dll
0x00007ffc3b330000 - 0x00007ffc3b338000 	C:\WINDOWS\System32\PSAPI.DLL
0x00007ffc2d310000 - 0x00007ffc2d32e000 	C:\WINDOWS\SYSTEM32\dhcpcsvc6.DLL
0x00007ffc2d180000 - 0x00007ffc2d1a3000 	C:\WINDOWS\SYSTEM32\dhcpcsvc.DLL
0x00007ffbed4e0000 - 0x00007ffbed507000 	C:\Users\USER\.gradle\native\1def1411415f61bf3af743bc5b6707747c0891f09f0c88961ee8f79bc544acac\windows-amd64\native-platform.dll
0x00007ffc1fdf0000 - 0x00007ffc1fdfa000 	C:\Users\USER\.vscode\extensions\redhat.java-1.47.0-win32-x64\jre\21.0.8-win32-x86_64\bin\management.dll
0x00007ffc08b20000 - 0x00007ffc08b2b000 	C:\Users\USER\.vscode\extensions\redhat.java-1.47.0-win32-x64\jre\21.0.8-win32-x86_64\bin\management_ext.dll
0x00007ffc20160000 - 0x00007ffc2016e000 	C:\Users\USER\.vscode\extensions\redhat.java-1.47.0-win32-x64\jre\21.0.8-win32-x86_64\bin\sunmscapi.dll
0x00007ffc39a60000 - 0x00007ffc39bd7000 	C:\WINDOWS\System32\CRYPT32.dll
0x00007ffc39240000 - 0x00007ffc39270000 	C:\WINDOWS\SYSTEM32\ncrypt.dll
0x00007ffc391f0000 - 0x00007ffc3922f000 	C:\WINDOWS\SYSTEM32\NTASN1.dll
0x00007ffc38310000 - 0x00007ffc38436000 	C:\WINDOWS\SYSTEM32\DNSAPI.dll
0x00007ffc204b0000 - 0x00007ffc204bb000 	C:\Windows\System32\rasadhlp.dll
0x00007ffc2c600000 - 0x00007ffc2c686000 	C:\WINDOWS\System32\fwpuclnt.dll
0x00007ffc03320000 - 0x00007ffc03329000 	C:\Users\USER\.vscode\extensions\redhat.java-1.47.0-win32-x64\jre\21.0.8-win32-x86_64\bin\extnet.dll

JVMTI agents:
c:\Users\USER\.vscode\extensions\redhat.java-1.47.0-win32-x64\lombok\lombok-1.18.39-4050.jar path:c:\Users\USER\.vscode\extensions\redhat.java-1.47.0-win32-x64\jre\21.0.8-win32-x86_64\bin\instrument.dll, loaded, initialized, instrumentlib options:none

dbghelp: loaded successfully - version: 4.0.5 - missing functions: none
symbol engine: initialized successfully - sym options: 0x614 - pdb path: .;c:\Users\USER\.vscode\extensions\redhat.java-1.47.0-win32-x64\jre\21.0.8-win32-x86_64\bin;C:\WINDOWS\SYSTEM32;C:\WINDOWS\WinSxS\amd64_microsoft.windows.common-controls_6595b64144ccf1df_6.0.26100.6899_none_3e0efeeae32e88c1;c:\Users\USER\.vscode\extensions\redhat.java-1.47.0-win32-x64\jre\21.0.8-win32-x86_64\bin\server;C:\Users\USER\AppData\Roaming\Code\User\globalStorage\redhat.java\1.47.0\config_win\org.eclipse.equinox.launcher\org.eclipse.equinox.launcher.win32.win32.x86_64_1.2.1400.v20250801-0854;C:\Users\USER\AppData\Local\Temp\jna-2614219;C:\Users\USER\.gradle\native\1def1411415f61bf3af743bc5b6707747c0891f09f0c88961ee8f79bc544acac\windows-amd64

VM Arguments:
jvm_args: --add-modules=ALL-SYSTEM --add-opens=java.base/java.util=ALL-UNNAMED --add-opens=java.base/java.lang=ALL-UNNAMED --add-opens=java.base/sun.nio.fs=ALL-UNNAMED -Declipse.application=org.eclipse.jdt.ls.core.id1 -Dosgi.bundles.defaultStartLevel=4 -Declipse.product=org.eclipse.jdt.ls.core.product -Djava.import.generatesMetadataFilesAtProjectRoot=false -DDetectVMInstallationsJob.disabled=true -Dfile.encoding=utf8 -XX:+UseParallelGC -XX:GCTimeRatio=4 -XX:AdaptiveSizePolicyWeight=90 -Dsun.zip.disableMemoryMapping=true -Xmx2G -Xms100m -Xlog:disable -javaagent:c:\Users\USER\.vscode\extensions\redhat.java-1.47.0-win32-x64\lombok\lombok-1.18.39-4050.jar -XX:+HeapDumpOnOutOfMemoryError -XX:HeapDumpPath=c:\Users\USER\AppData\Roaming\Code\User\workspaceStorage\4f35a06da7e5769c503ca7de3041ff65\redhat.java -Daether.dependencyCollector.impl=bf 
java_command: c:\Users\USER\.vscode\extensions\redhat.java-1.47.0-win32-x64\server\plugins\org.eclipse.equinox.launcher_1.7.100.v20251014-1222.jar -configuration c:\Users\USER\AppData\Roaming\Code\User\globalStorage\redhat.java\1.47.0\config_win -data c:\Users\USER\AppData\Roaming\Code\User\workspaceStorage\4f35a06da7e5769c503ca7de3041ff65\redhat.java\jdt_ws --pipe=\\.\pipe\lsp-f4e10d3ebe1584aa4d17c6275a7aa062-sock
java_class_path (initial): c:\Users\USER\.vscode\extensions\redhat.java-1.47.0-win32-x64\server\plugins\org.eclipse.equinox.launcher_1.7.100.v20251014-1222.jar
Launcher Type: SUN_STANDARD

[Global flags]
    uintx AdaptiveSizePolicyWeight                 = 90                                        {product} {command line}
     intx CICompilerCount                          = 3                                         {product} {ergonomic}
    uintx GCTimeRatio                              = 4                                         {product} {command line}
     bool HeapDumpOnOutOfMemoryError               = true                                   {manageable} {command line}
    ccstr HeapDumpPath                             = c:\Users\USER\AppData\Roaming\Code\User\workspaceStorage\4f35a06da7e5769c503ca7de3041ff65\redhat.java         {manageable} {command line}
   size_t InitialHeapSize                          = 104857600                                 {product} {command line}
   size_t MaxHeapSize                              = 2147483648                                {product} {command line}
   size_t MaxNewSize                               = 715653120                                 {product} {ergonomic}
   size_t MinHeapDeltaBytes                        = 524288                                    {product} {ergonomic}
   size_t MinHeapSize                              = 104857600                                 {product} {command line}
   size_t NewSize                                  = 34603008                                  {product} {ergonomic}
    uintx NonNMethodCodeHeapSize                   = 5832780                                {pd product} {ergonomic}
    uintx NonProfiledCodeHeapSize                  = 122912730                              {pd product} {ergonomic}
   size_t OldSize                                  = 70254592                                  {product} {ergonomic}
    uintx ProfiledCodeHeapSize                     = 122912730                              {pd product} {ergonomic}
    uintx ReservedCodeCacheSize                    = 251658240                              {pd product} {ergonomic}
     bool SegmentedCodeCache                       = true                                      {product} {ergonomic}
   size_t SoftMaxHeapSize                          = 2147483648                             {manageable} {ergonomic}
     bool UseCompressedOops                        = true                           {product lp64_product} {ergonomic}
     bool UseLargePagesIndividualAllocation        = false                                  {pd product} {ergonomic}
     bool UseParallelGC                            = true                                      {product} {command line}

Logging:
Log output configuration:
 #0: stdout all=off uptime,level,tags foldmultilines=false
 #1: stderr all=off uptime,level,tags foldmultilines=false

Environment Variables:
JAVA_HOME=C:\Program Files\Eclipse Adoptium\jdk-17.0.16.8-hotspot
PATH=C:\Program Files\Eclipse Adoptium\jdk-17.0.16.8-hotspot\bin;C:\Program Files\Common Files\Oracle\Java\javapath;C:\ProgramData\Oracle\Java\javapath;C:\WINDOWS\system32;C:\WINDOWS;C:\WINDOWS\System32\Wbem;C:\WINDOWS\System32\WindowsPowerShell\v1.0\;C:\WINDOWS\System32\OpenSSH\;C:\Program Files\Java\jdk-20\bin;C:\Program Files\Git\cmd;C:\Program Files\Eclipse Adoptium\jdk-17.0.16.8-hotspot\bin;C:\Users\USER\AppData\Local\nvm;C:\nvm4w\nodejs;C:\Program Files\Eclipse Adoptium\jdk-17.0.16.8-hotspot\bin;C:\Program Files\Common Files\Oracle\Java\javapath;C:\ProgramData\Oracle\Java\javapath;C:\WINDOWS\system32;C:\WINDOWS;C:\WINDOWS\System32\Wbem;C:\WINDOWS\System32\WindowsPowerShell\v1.0\;C:\WINDOWS\System32\OpenSSH\;C:\Program Files\Java\jdk-20\bin;C:\Program Files\Git\cmd;C:\Program Files\nodejs\;C:\Users\USER\AppData\Local\Microsoft\WindowsApps;C:\Users\USER\AppData\Local\Programs\Microsoft VS Code\bin;C:\xampp\php;C:\Users\USER\AppData\Local\ComposerSetup\bin;C:\Users\USER\AppData\Roaming\Composer\vendor\bin;C:\Users\USER\AppData\Local\GitHubDesktop\bin;C:\Users\USER\AppData\Roaming\Programs\Zero Install;C:\Users\USER\AppData\Local\Microsoft\WindowsApps;C:\Users\USER\AppData\Local\Android\Sdk\platform-tools;C:\Users\USER\AppData\Local\Android\Sdk\tools;C:\Users\USER\AppData\Local\Android\Sdk\tools\bin;C:\Users\USER\AppData\Local\nvm;C:\nvm4w\nodejs
USERNAME=USER
OS=Windows_NT
PROCESSOR_IDENTIFIER=Intel64 Family 6 Model 122 Stepping 8, GenuineIntel
TMP=C:\Users\USER\AppData\Local\Temp
TEMP=C:\Users\USER\AppData\Local\Temp




Periodic native trim disabled

---------------  S Y S T E M  ---------------

OS:
 Windows 11 , 64 bit Build 26100 (10.0.26100.6725)
OS uptime: 1 days 19:44 hours

CPU: total 4 (initial active 4) (4 cores per cpu, 1 threads per core) family 6 model 122 stepping 8 microcode 0x22, cx8, cmov, fxsr, mmx, 3dnowpref, sse, sse2, sse3, ssse3, sse4.1, sse4.2, popcnt, tsc, tscinvbit, aes, erms, clmul, sha, clflush, clflushopt, rdtscp, rdpid
Processor Information for the first 4 processors :
  Max Mhz: 1101, Current Mhz: 1101, Mhz Limit: 1101

Memory: 4k page, system-wide physical 3909M (340M free)
TotalPageFile size 15685M (AvailPageFile size 7M)
current process WorkingSet (physical memory assigned to process): 8M, peak: 314M
current process commit charge ("private bytes"): 356M, peak: 380M

vm_info: OpenJDK 64-Bit Server VM (21.0.8+9-LTS) for windows-amd64 JRE (21.0.8+9-LTS), built on 2025-07-15T00:00:00Z by "admin" with MS VC++ 17.7 (VS2022)

END.
